Archive member included to satisfy reference by file (symbol)

d:/programs/stm32cubeide_1.7.0/stm32cubeide/plugins/com.st.stm32cube.ide.mcu.externaltools.gnu-tools-for-stm32.9-2020-q2-update.win32_2.0.0.202105311346/tools/bin/../lib/gcc/arm-none-eabi/9.3.1/../../../../arm-none-eabi/lib/thumb/v7e-m+fp/hard\libc_nano.a(lib_a-exit.o)
                              d:/programs/stm32cubeide_1.7.0/stm32cubeide/plugins/com.st.stm32cube.ide.mcu.externaltools.gnu-tools-for-stm32.9-2020-q2-update.win32_2.0.0.202105311346/tools/bin/../lib/gcc/arm-none-eabi/9.3.1/../../../../arm-none-eabi/lib/thumb/v7e-m+fp/hard/crt0.o (exit)
d:/programs/stm32cubeide_1.7.0/stm32cubeide/plugins/com.st.stm32cube.ide.mcu.externaltools.gnu-tools-for-stm32.9-2020-q2-update.win32_2.0.0.202105311346/tools/bin/../lib/gcc/arm-none-eabi/9.3.1/../../../../arm-none-eabi/lib/thumb/v7e-m+fp/hard\libc_nano.a(lib_a-impure.o)
                              d:/programs/stm32cubeide_1.7.0/stm32cubeide/plugins/com.st.stm32cube.ide.mcu.externaltools.gnu-tools-for-stm32.9-2020-q2-update.win32_2.0.0.202105311346/tools/bin/../lib/gcc/arm-none-eabi/9.3.1/../../../../arm-none-eabi/lib/thumb/v7e-m+fp/hard\libc_nano.a(lib_a-exit.o) (_global_impure_ptr)
d:/programs/stm32cubeide_1.7.0/stm32cubeide/plugins/com.st.stm32cube.ide.mcu.externaltools.gnu-tools-for-stm32.9-2020-q2-update.win32_2.0.0.202105311346/tools/bin/../lib/gcc/arm-none-eabi/9.3.1/../../../../arm-none-eabi/lib/thumb/v7e-m+fp/hard\libc_nano.a(lib_a-init.o)
                              d:/programs/stm32cubeide_1.7.0/stm32cubeide/plugins/com.st.stm32cube.ide.mcu.externaltools.gnu-tools-for-stm32.9-2020-q2-update.win32_2.0.0.202105311346/tools/bin/../lib/gcc/arm-none-eabi/9.3.1/../../../../arm-none-eabi/lib/thumb/v7e-m+fp/hard/crt0.o (__libc_init_array)
d:/programs/stm32cubeide_1.7.0/stm32cubeide/plugins/com.st.stm32cube.ide.mcu.externaltools.gnu-tools-for-stm32.9-2020-q2-update.win32_2.0.0.202105311346/tools/bin/../lib/gcc/arm-none-eabi/9.3.1/../../../../arm-none-eabi/lib/thumb/v7e-m+fp/hard\libc_nano.a(lib_a-memset.o)
                              d:/programs/stm32cubeide_1.7.0/stm32cubeide/plugins/com.st.stm32cube.ide.mcu.externaltools.gnu-tools-for-stm32.9-2020-q2-update.win32_2.0.0.202105311346/tools/bin/../lib/gcc/arm-none-eabi/9.3.1/../../../../arm-none-eabi/lib/thumb/v7e-m+fp/hard/crt0.o (memset)
d:/programs/stm32cubeide_1.7.0/stm32cubeide/plugins/com.st.stm32cube.ide.mcu.externaltools.gnu-tools-for-stm32.9-2020-q2-update.win32_2.0.0.202105311346/tools/bin/../lib/gcc/arm-none-eabi/9.3.1/../../../../arm-none-eabi/lib/thumb/v7e-m+fp/hard\libc_nano.a(lib_a-strlen.o)
                              ./src/drivers/DISPLAY_WH1602B_4Bit.o (strlen)
d:/programs/stm32cubeide_1.7.0/stm32cubeide/plugins/com.st.stm32cube.ide.mcu.externaltools.gnu-tools-for-stm32.9-2020-q2-update.win32_2.0.0.202105311346/tools/bin/../lib/gcc/arm-none-eabi/9.3.1/../../../../arm-none-eabi/lib/thumb/v7e-m+fp/hard\libc_nano.a(lib_a-vsprintf.o)
                              ./src/drivers/USART.o (vsprintf)
d:/programs/stm32cubeide_1.7.0/stm32cubeide/plugins/com.st.stm32cube.ide.mcu.externaltools.gnu-tools-for-stm32.9-2020-q2-update.win32_2.0.0.202105311346/tools/bin/../lib/gcc/arm-none-eabi/9.3.1/../../../../arm-none-eabi/lib/thumb/v7e-m+fp/hard\libc_nano.a(lib_a-nano-svfprintf.o)
                              d:/programs/stm32cubeide_1.7.0/stm32cubeide/plugins/com.st.stm32cube.ide.mcu.externaltools.gnu-tools-for-stm32.9-2020-q2-update.win32_2.0.0.202105311346/tools/bin/../lib/gcc/arm-none-eabi/9.3.1/../../../../arm-none-eabi/lib/thumb/v7e-m+fp/hard\libc_nano.a(lib_a-vsprintf.o) (_svfprintf_r)
d:/programs/stm32cubeide_1.7.0/stm32cubeide/plugins/com.st.stm32cube.ide.mcu.externaltools.gnu-tools-for-stm32.9-2020-q2-update.win32_2.0.0.202105311346/tools/bin/../lib/gcc/arm-none-eabi/9.3.1/../../../../arm-none-eabi/lib/thumb/v7e-m+fp/hard\libc_nano.a(lib_a-nano-vfprintf_i.o)
                              d:/programs/stm32cubeide_1.7.0/stm32cubeide/plugins/com.st.stm32cube.ide.mcu.externaltools.gnu-tools-for-stm32.9-2020-q2-update.win32_2.0.0.202105311346/tools/bin/../lib/gcc/arm-none-eabi/9.3.1/../../../../arm-none-eabi/lib/thumb/v7e-m+fp/hard\libc_nano.a(lib_a-nano-svfprintf.o) (_printf_i)
d:/programs/stm32cubeide_1.7.0/stm32cubeide/plugins/com.st.stm32cube.ide.mcu.externaltools.gnu-tools-for-stm32.9-2020-q2-update.win32_2.0.0.202105311346/tools/bin/../lib/gcc/arm-none-eabi/9.3.1/../../../../arm-none-eabi/lib/thumb/v7e-m+fp/hard\libc_nano.a(lib_a-memchr.o)
                              d:/programs/stm32cubeide_1.7.0/stm32cubeide/plugins/com.st.stm32cube.ide.mcu.externaltools.gnu-tools-for-stm32.9-2020-q2-update.win32_2.0.0.202105311346/tools/bin/../lib/gcc/arm-none-eabi/9.3.1/../../../../arm-none-eabi/lib/thumb/v7e-m+fp/hard\libc_nano.a(lib_a-nano-svfprintf.o) (memchr)
[...]
Memory Configuration

Name             Origin             Length             Attributes
FLASH            0x0000000008000000 0x0000000000100000 xr
RAM              0x0000000020000000 0x0000000000020000 xrw
MEMORY_B1        0x0000000060000000 0x0000000000000000 xr
CCMRAM           0x0000000010000000 0x0000000000010000 rw
*default*        0x0000000000000000 0xffffffffffffffff

Linker script and memory map

LOAD d:/programs/stm32cubeide_1.7.0/stm32cubeide/plugins/com.st.stm32cube.ide.mcu.externaltools.gnu-tools-for-stm32.9-2020-q2-update.win32_2.0.0.202105311346/tools/bin/../lib/gcc/arm-none-eabi/9.3.1/thumb/v7e-m+fp/hard/crti.o
LOAD d:/programs/stm32cubeide_1.7.0/stm32cubeide/plugins/com.st.stm32cube.ide.mcu.externaltools.gnu-tools-for-stm32.9-2020-q2-update.win32_2.0.0.202105311346/tools/bin/../lib/gcc/arm-none-eabi/9.3.1/thumb/v7e-m+fp/hard/crtbegin.o
LOAD d:/programs/stm32cubeide_1.7.0/stm32cubeide/plugins/com.st.stm32cube.ide.mcu.externaltools.gnu-tools-for-stm32.9-2020-q2-update.win32_2.0.0.202105311346/tools/bin/../lib/gcc/arm-none-eabi/9.3.1/../../../../arm-none-eabi/lib/thumb/v7e-m+fp/hard/crt0.o
LOAD ./Libraries/STM32F4xx_StdPeriph_Driver/src/misc.o
LOAD ./Libraries/STM32F4xx_StdPeriph_Driver/src/stm32f4xx_adc.o
LOAD ./Libraries/STM32F4xx_StdPeriph_Driver/src/stm32f4xx_can.o
LOAD ./Libraries/STM32F4xx_StdPeriph_Driver/src/stm32f4xx_crc.o
LOAD ./Libraries/STM32F4xx_StdPeriph_Driver/src/stm32f4xx_cryp.o
LOAD ./Libraries/STM32F4xx_StdPeriph_Driver/src/stm32f4xx_cryp_aes.o
LOAD ./Libraries/STM32F4xx_StdPeriph_Driver/src/stm32f4xx_cryp_des.o
LOAD ./Libraries/STM32F4xx_StdPeriph_Driver/src/stm32f4xx_cryp_tdes.o
LOAD ./Libraries/STM32F4xx_StdPeriph_Driver/src/stm32f4xx_dac.o
LOAD ./Libraries/STM32F4xx_StdPeriph_Driver/src/stm32f4xx_dbgmcu.o
LOAD ./Libraries/STM32F4xx_StdPeriph_Driver/src/stm32f4xx_dcmi.o
LOAD ./Libraries/STM32F4xx_StdPeriph_Driver/src/stm32f4xx_dma.o
LOAD ./Libraries/STM32F4xx_StdPeriph_Driver/src/stm32f4xx_exti.o
LOAD ./Libraries/STM32F4xx_StdPeriph_Driver/src/stm32f4xx_flash.o
LOAD ./Libraries/STM32F4xx_StdPeriph_Driver/src/stm32f4xx_fsmc.o
LOAD ./Libraries/STM32F4xx_StdPeriph_Driver/src/stm32f4xx_gpio.o
LOAD ./Libraries/STM32F4xx_StdPeriph_Driver/src/stm32f4xx_hash.o
LOAD ./Libraries/STM32F4xx_StdPeriph_Driver/src/stm32f4xx_hash_md5.o
LOAD ./Libraries/STM32F4xx_StdPeriph_Driver/src/stm32f4xx_hash_sha1.o
LOAD ./Libraries/STM32F4xx_StdPeriph_Driver/src/stm32f4xx_i2c.o
LOAD ./Libraries/STM32F4xx_StdPeriph_Driver/src/stm32f4xx_iwdg.o
LOAD ./Libraries/STM32F4xx_StdPeriph_Driver/src/stm32f4xx_pwr.o
LOAD ./Libraries/STM32F4xx_StdPeriph_Driver/src/stm32f4xx_rcc.o
LOAD ./Libraries/STM32F4xx_StdPeriph_Driver/src/stm32f4xx_rng.o
LOAD ./Libraries/STM32F4xx_StdPeriph_Driver/src/stm32f4xx_rtc.o
LOAD ./Libraries/STM32F4xx_StdPeriph_Driver/src/stm32f4xx_sdio.o
LOAD ./Libraries/STM32F4xx_StdPeriph_Driver/src/stm32f4xx_spi.o
LOAD ./Libraries/STM32F4xx_StdPeriph_Driver/src/stm32f4xx_syscfg.o
LOAD ./Libraries/STM32F4xx_StdPeriph_Driver/src/stm32f4xx_tim.o
LOAD ./Libraries/STM32F4xx_StdPeriph_Driver/src/stm32f4xx_usart.o
LOAD ./Libraries/STM32F4xx_StdPeriph_Driver/src/stm32f4xx_wwdg.o
LOAD ./src/drivers/Buttons.o
LOAD ./src/drivers/CAN_BUS.o
LOAD ./src/drivers/DISPLAY_WH1602B_4Bit.o
LOAD ./src/drivers/LEDs.o
LOAD ./src/drivers/MEMS.o
LOAD ./src/drivers/PWM_controller_PCA9685PW.o
LOAD ./src/drivers/USART.o
LOAD ./src/drivers/balancer.o
LOAD ./src/drivers/clock_config.o
LOAD ./src/drivers/i2c.o
LOAD ./src/drivers/interrupts.o
LOAD ./src/drivers/peripheral_pinout.o
LOAD ./src/drivers/timers.o
LOAD ./src/keypad.o
LOAD ./src/main.o
LOAD ./src/startup_stm32f40xx.o
LOAD ./src/stm32f4xx_it.o
LOAD ./src/system_stm32f4xx.o
LOAD ./src/tiny_printf.o
START GROUP
LOAD d:/programs/stm32cubeide_1.7.0/stm32cubeide/plugins/com.st.stm32cube.ide.mcu.externaltools.gnu-tools-for-stm32.9-2020-q2-update.win32_2.0.0.202105311346/tools/bin/../lib/gcc/arm-none-eabi/9.3.1/../../../../arm-none-eabi/lib/thumb/v7e-m+fp/hard\libc_nano.a
LOAD d:/programs/stm32cubeide_1.7.0/stm32cubeide/plugins/com.st.stm32cube.ide.mcu.externaltools.gnu-tools-for-stm32.9-2020-q2-update.win32_2.0.0.202105311346/tools/bin/../lib/gcc/arm-none-eabi/9.3.1/../../../../arm-none-eabi/lib/thumb/v7e-m+fp/hard\libm.a
END GROUP
START GROUP
LOAD d:/programs/stm32cubeide_1.7.0/stm32cubeide/plugins/com.st.stm32cube.ide.mcu.externaltools.gnu-tools-for-stm32.9-2020-q2-update.win32_2.0.0.202105311346/tools/bin/../lib/gcc/arm-none-eabi/9.3.1/thumb/v7e-m+fp/hard\libgcc.a
LOAD d:/programs/stm32cubeide_1.7.0/stm32cubeide/plugins/com.st.stm32cube.ide.mcu.externaltools.gnu-tools-for-stm32.9-2020-q2-update.win32_2.0.0.202105311346/tools/bin/../lib/gcc/arm-none-eabi/9.3.1/../../../../arm-none-eabi/lib/thumb/v7e-m+fp/hard\libc_nano.a
END GROUP
START GROUP
LOAD d:/programs/stm32cubeide_1.7.0/stm32cubeide/plugins/com.st.stm32cube.ide.mcu.externaltools.gnu-tools-for-stm32.9-2020-q2-update.win32_2.0.0.202105311346/tools/bin/../lib/gcc/arm-none-eabi/9.3.1/thumb/v7e-m+fp/hard\libgcc.a
LOAD d:/programs/stm32cubeide_1.7.0/stm32cubeide/plugins/com.st.stm32cube.ide.mcu.externaltools.gnu-tools-for-stm32.9-2020-q2-update.win32_2.0.0.202105311346/tools/bin/../lib/gcc/arm-none-eabi/9.3.1/../../../../arm-none-eabi/lib/thumb/v7e-m+fp/hard\libc_nano.a
LOAD d:/programs/stm32cubeide_1.7.0/stm32cubeide/plugins/com.st.stm32cube.ide.mcu.externaltools.gnu-tools-for-stm32.9-2020-q2-update.win32_2.0.0.202105311346/tools/bin/../lib/gcc/arm-none-eabi/9.3.1/../../../../arm-none-eabi/lib/thumb/v7e-m+fp/hard\libnosys.a
END GROUP
START GROUP
LOAD d:/programs/stm32cubeide_1.7.0/stm32cubeide/plugins/com.st.stm32cube.ide.mcu.externaltools.gnu-tools-for-stm32.9-2020-q2-update.win32_2.0.0.202105311346/tools/bin/../lib/gcc/arm-none-eabi/9.3.1/thumb/v7e-m+fp/hard\libgcc.a
LOAD d:/programs/stm32cubeide_1.7.0/stm32cubeide/plugins/com.st.stm32cube.ide.mcu.externaltools.gnu-tools-for-stm32.9-2020-q2-update.win32_2.0.0.202105311346/tools/bin/../lib/gcc/arm-none-eabi/9.3.1/../../../../arm-none-eabi/lib/thumb/v7e-m+fp/hard\libc_nano.a
LOAD d:/programs/stm32cubeide_1.7.0/stm32cubeide/plugins/com.st.stm32cube.ide.mcu.externaltools.gnu-tools-for-stm32.9-2020-q2-update.win32_2.0.0.202105311346/tools/bin/../lib/gcc/arm-none-eabi/9.3.1/../../../../arm-none-eabi/lib/thumb/v7e-m+fp/hard\libnosys.a
END GROUP
LOAD d:/programs/stm32cubeide_1.7.0/stm32cubeide/plugins/com.st.stm32cube.ide.mcu.externaltools.gnu-tools-for-stm32.9-2020-q2-update.win32_2.0.0.202105311346/tools/bin/../lib/gcc/arm-none-eabi/9.3.1/thumb/v7e-m+fp/hard/crtend.o
LOAD d:/programs/stm32cubeide_1.7.0/stm32cubeide/plugins/com.st.stm32cube.ide.mcu.externaltools.gnu-tools-for-stm32.9-2020-q2-update.win32_2.0.0.202105311346/tools/bin/../lib/gcc/arm-none-eabi/9.3.1/thumb/v7e-m+fp/hard/crtn.o
                0x0000000020020000                _estack = 0x20020000
                0x0000000000000000                _Min_Heap_Size = 0x0
                0x0000000000000400                _Min_Stack_Size = 0x400

.isr_vector     0x0000000008000000      0x188
                0x0000000008000000                . = ALIGN (0x4)
 *(.isr_vector)
 .isr_vector    0x0000000008000000      0x188 ./src/startup_stm32f40xx.o
                0x0000000008000000                g_pfnVectors
                0x0000000008000188                . = ALIGN (0x4)

.text           0x0000000008000190     0x21fc
                0x0000000008000190                . = ALIGN (0x4)
 *(.text)
 .text          0x0000000008000190       0x40 d:/programs/stm32cubeide_1.7.0/stm32cubeide/plugins/com.st.stm32cube.ide.mcu.externaltools.gnu-tools-for-stm32.9-2020-q2-update.win32_2.0.0.202105311346/tools/bin/../lib/gcc/arm-none-eabi/9.3.1/thumb/v7e-m+fp/hard/crtbegin.o
 .text          0x00000000080001d0       0x10 d:/programs/stm32cubeide_1.7.0/stm32cubeide/plugins/com.st.stm32cube.ide.mcu.externaltools.gnu-tools-for-stm32.9-2020-q2-update.win32_2.0.0.202105311346/tools/bin/../lib/gcc/arm-none-eabi/9.3.1/../../../../arm-none-eabi/lib/thumb/v7e-m+fp/hard\libc_nano.a(lib_a-strlen.o)
                0x00000000080001d0                strlen
 .text          0x00000000080001e0       0xa0 d:/programs/stm32cubeide_1.7.0/stm32cubeide/plugins/com.st.stm32cube.ide.mcu.externaltools.gnu-tools-for-stm32.9-2020-q2-update.win32_2.0.0.202105311346/tools/bin/../lib/gcc/arm-none-eabi/9.3.1/../../../../arm-none-eabi/lib/thumb/v7e-m+fp/hard\libc_nano.a(lib_a-memchr.o)
                0x00000000080001e0                memchr
 *(.text*)
 .text.CAN_Transmit
                0x0000000008000280      0x1a2 ./Libraries/STM32F4xx_StdPeriph_Driver/src/stm32f4xx_can.o
                0x0000000008000280                CAN_Transmit
 .text.CAN_Receive
                0x0000000008000422      0x17c ./Libraries/STM32F4xx_StdPeriph_Driver/src/stm32f4xx_can.o
                0x0000000008000422                CAN_Receive
 *fill*         0x000000000800059e        0x2 
 .text.CAN_GetITStatus
                0x00000000080005a0      0x264 ./Libraries/STM32F4xx_StdPeriph_Driver/src/stm32f4xx_can.o
                0x00000000080005a0                CAN_GetITStatus
 .text.CheckITStatus
                0x0000000008000804       0x30 ./Libraries/STM32F4xx_StdPeriph_Driver/src/stm32f4xx_can.o
 .text.EXTI_GetITStatus
                0x0000000008000834       0x48 ./Libraries/STM32F4xx_StdPeriph_Driver/src/stm32f4xx_exti.o
                0x0000000008000834                EXTI_GetITStatus
 .text.EXTI_ClearITPendingBit
                0x000000000800087c       0x20 ./Libraries/STM32F4xx_StdPeriph_Driver/src/stm32f4xx_exti.o
                0x000000000800087c                EXTI_ClearITPendingBit
 .text.GPIO_Init
                0x000000000800089c      0x11e ./Libraries/STM32F4xx_StdPeriph_Driver/src/stm32f4xx_gpio.o
                0x000000000800089c                GPIO_Init
 .text.GPIO_SetBits
                0x00000000080009ba       0x1e ./Libraries/STM32F4xx_StdPeriph_Driver/src/stm32f4xx_gpio.o
                0x00000000080009ba                GPIO_SetBits
 .text.GPIO_ResetBits
                0x00000000080009d8       0x1e ./Libraries/STM32F4xx_StdPeriph_Driver/src/stm32f4xx_gpio.o
                0x00000000080009d8                GPIO_ResetBits
 .text.GPIO_ToggleBits
                0x00000000080009f6       0x24 ./Libraries/STM32F4xx_StdPeriph_Driver/src/stm32f4xx_gpio.o
                0x00000000080009f6                GPIO_ToggleBits
 *fill*         0x0000000008000a1a        0x2 
 .text.RCC_GetClocksFreq
                0x0000000008000a1c      0x15c ./Libraries/STM32F4xx_StdPeriph_Driver/src/stm32f4xx_rcc.o
                0x0000000008000a1c                RCC_GetClocksFreq
 .text.RCC_AHB1PeriphClockCmd
                0x0000000008000b78       0x40 ./Libraries/STM32F4xx_StdPeriph_Driver/src/stm32f4xx_rcc.o
                0x0000000008000b78                RCC_AHB1PeriphClockCmd
 .text.USART_SendData
                0x0000000008000bb8       0x24 ./Libraries/STM32F4xx_StdPeriph_Driver/src/stm32f4xx_usart.o
                0x0000000008000bb8                USART_SendData
 .text.USART_ReceiveData
                0x0000000008000bdc       0x20 ./Libraries/STM32F4xx_StdPeriph_Driver/src/stm32f4xx_usart.o
                0x0000000008000bdc                USART_ReceiveData
 .text.USART_GetFlagStatus
                0x0000000008000bfc       0x38 ./Libraries/STM32F4xx_StdPeriph_Driver/src/stm32f4xx_usart.o
                0x0000000008000bfc                USART_GetFlagStatus
 .text.CAN_transmit_data
                0x0000000008000c34       0x3c ./src/drivers/CAN_BUS.o
                0x0000000008000c34                CAN_transmit_data
 .text.Display_Init
                0x0000000008000c70       0x6e ./src/drivers/DISPLAY_WH1602B_4Bit.o
                0x0000000008000c70                Display_Init
 *fill*         0x0000000008000cde        0x2 
 .text.Display_Write_Ins
                0x0000000008000ce0      0x13c ./src/drivers/DISPLAY_WH1602B_4Bit.o
                0x0000000008000ce0                Display_Write_Ins
 .text.Display_Write_Data
                0x0000000008000e1c      0x13c ./src/drivers/DISPLAY_WH1602B_4Bit.o
                0x0000000008000e1c                Display_Write_Data
 .text.Display_init_GPIO
                0x0000000008000f58       0x50 ./src/drivers/DISPLAY_WH1602B_4Bit.o
                0x0000000008000f58                Display_init_GPIO
 .text.Display_RW_pusle
                0x0000000008000fa8       0x28 ./src/drivers/DISPLAY_WH1602B_4Bit.o
                0x0000000008000fa8                Display_RW_pusle
 .text.Display_clear
                0x0000000008000fd0       0x14 ./src/drivers/DISPLAY_WH1602B_4Bit.o
                0x0000000008000fd0                Display_clear
 .text.setup_Display
                0x0000000008000fe4       0x10 ./src/drivers/DISPLAY_WH1602B_4Bit.o
                0x0000000008000fe4                setup_Display
 .text.setup_first_line
                0x0000000008000ff4        0xe ./src/drivers/DISPLAY_WH1602B_4Bit.o
                0x0000000008000ff4                setup_first_line
 .text.print_display
                0x0000000008001002       0x1a ./src/drivers/DISPLAY_WH1602B_4Bit.o
                0x0000000008001002                print_display
 .text.print_display_array
                0x000000000800101c       0x32 ./src/drivers/DISPLAY_WH1602B_4Bit.o
                0x000000000800101c                print_display_array
 .text.Display_example
                0x000000000800104e       0xa0 ./src/drivers/DISPLAY_WH1602B_4Bit.o
                0x000000000800104e                Display_example
 .text.USART_send_character
                0x00000000080010ee       0x30 ./src/drivers/USART.o
                0x00000000080010ee                USART_send_character
 .text.USART_send_string
                0x000000000800111e       0x2e ./src/drivers/USART.o
                0x000000000800111e                USART_send_string
 .text.USART_receive_character
                0x000000000800114c       0x1a ./src/drivers/USART.o
                0x000000000800114c                USART_receive_character
 *fill*         0x0000000008001166        0x2 
 .text.USART_printf
                0x0000000008001168       0x34 ./src/drivers/USART.o
                0x0000000008001168                USART_printf
 .text.delay_milis
                0x000000000800119c       0x4c ./src/drivers/clock_config.o
                0x000000000800119c                delay_milis
 .text.setup_clock_for_GPIO
                0x00000000080011e8       0x9c ./src/drivers/clock_config.o
                0x00000000080011e8                setup_clock_for_GPIO
 .text.EXTI0_IRQHandler
                0x0000000008001284       0x2c ./src/drivers/interrupts.o
                0x0000000008001284                EXTI0_IRQHandler
 .text.EXTI9_5_IRQHandler
                0x00000000080012b0       0x78 ./src/drivers/interrupts.o
                0x00000000080012b0                EXTI9_5_IRQHandler
 .text.EXTI15_10_IRQHandler
                0x0000000008001328       0x54 ./src/drivers/interrupts.o
                0x0000000008001328                EXTI15_10_IRQHandler
 .text.USART3_IRQHandler
                0x000000000800137c      0x100 ./src/drivers/interrupts.o
                0x000000000800137c                USART3_IRQHandler
 .text.CAN1_RX0_IRQHandler
                0x000000000800147c       0x90 ./src/drivers/interrupts.o
                0x000000000800147c                CAN1_RX0_IRQHandler
 .text.delay    0x000000000800150c       0x2c ./src/keypad.o
                0x000000000800150c                delay
 .text.setup_GPIO_for_keypad
                0x0000000008001538       0x64 ./src/keypad.o
                0x0000000008001538                setup_GPIO_for_keypad
 .text.convert_hex_to_bin
                0x000000000800159c      0x13c ./src/keypad.o
                0x000000000800159c                convert_hex_to_bin
 .text.Keypad_loop
                0x00000000080016d8      0x198 ./src/keypad.o
                0x00000000080016d8                Keypad_loop
 .text.main     0x0000000008001870       0x1e ./src/main.o
                0x0000000008001870                main
 *fill*         0x000000000800188e        0x2 
 .text.Reset_Handler
                0x0000000008001890       0x50 ./src/startup_stm32f40xx.o
                0x0000000008001890                Reset_Handler
 .text.Default_Handler
                0x00000000080018e0        0x2 ./src/startup_stm32f40xx.o
                0x00000000080018e0                RTC_Alarm_IRQHandler
                0x00000000080018e0                HASH_RNG_IRQHandler
                0x00000000080018e0                EXTI2_IRQHandler
                0x00000000080018e0                TIM8_CC_IRQHandler
                0x00000000080018e0                TIM1_CC_IRQHandler
                0x00000000080018e0                DMA2_Stream5_IRQHandler
                0x00000000080018e0                DMA1_Stream5_IRQHandler
                0x00000000080018e0                PVD_IRQHandler
                0x00000000080018e0                SDIO_IRQHandler
                0x00000000080018e0                TAMP_STAMP_IRQHandler
                0x00000000080018e0                CAN2_RX1_IRQHandler
                0x00000000080018e0                EXTI3_IRQHandler
                0x00000000080018e0                TIM8_TRG_COM_TIM14_IRQHandler
                0x00000000080018e0                TIM1_UP_TIM10_IRQHandler
                0x00000000080018e0                TIM8_UP_TIM13_IRQHandler
                0x00000000080018e0                I2C3_ER_IRQHandler
                0x00000000080018e0                I2C2_EV_IRQHandler
                0x00000000080018e0                DMA1_Stream2_IRQHandler
                0x00000000080018e0                FPU_IRQHandler
                0x00000000080018e0                OTG_HS_WKUP_IRQHandler
                0x00000000080018e0                CAN2_SCE_IRQHandler
                0x00000000080018e0                DMA2_Stream2_IRQHandler
                0x00000000080018e0                SPI1_IRQHandler
                0x00000000080018e0                TIM6_DAC_IRQHandler
                0x00000000080018e0                TIM1_BRK_TIM9_IRQHandler
                0x00000000080018e0                DCMI_IRQHandler
                0x00000000080018e0                CAN2_RX0_IRQHandler
                0x00000000080018e0                DMA2_Stream3_IRQHandler
                0x00000000080018e0                USART6_IRQHandler
                0x00000000080018e0                CRYP_IRQHandler
                0x00000000080018e0                CAN1_RX1_IRQHandler
                0x00000000080018e0                UART5_IRQHandler
                0x00000000080018e0                DMA2_Stream0_IRQHandler
                0x00000000080018e0                TIM4_IRQHandler
                0x00000000080018e0                I2C1_EV_IRQHandler
                0x00000000080018e0                DMA1_Stream6_IRQHandler
                0x00000000080018e0                DMA1_Stream1_IRQHandler
                0x00000000080018e0                UART4_IRQHandler
                0x00000000080018e0                TIM3_IRQHandler
                0x00000000080018e0                RCC_IRQHandler
                0x00000000080018e0                TIM8_BRK_TIM12_IRQHandler
                0x00000000080018e0                Default_Handler
                0x00000000080018e0                ADC_IRQHandler
                0x00000000080018e0                DMA1_Stream7_IRQHandler
                0x00000000080018e0                TIM7_IRQHandler
                0x00000000080018e0                CAN2_TX_IRQHandler
                0x00000000080018e0                TIM5_IRQHandler
                0x00000000080018e0                DMA2_Stream7_IRQHandler
                0x00000000080018e0                I2C3_EV_IRQHandler
                0x00000000080018e0                RTC_WKUP_IRQHandler
                0x00000000080018e0                ETH_WKUP_IRQHandler
                0x00000000080018e0                SPI2_IRQHandler
                0x00000000080018e0                OTG_HS_EP1_IN_IRQHandler
                0x00000000080018e0                DMA1_Stream0_IRQHandler
                0x00000000080018e0                CAN1_TX_IRQHandler
                0x00000000080018e0                EXTI4_IRQHandler
                0x00000000080018e0                FSMC_IRQHandler
                0x00000000080018e0                ETH_IRQHandler
                0x00000000080018e0                OTG_HS_EP1_OUT_IRQHandler
                0x00000000080018e0                WWDG_IRQHandler
                0x00000000080018e0                TIM2_IRQHandler
                0x00000000080018e0                OTG_FS_WKUP_IRQHandler
                0x00000000080018e0                TIM1_TRG_COM_TIM11_IRQHandler
                0x00000000080018e0                OTG_HS_IRQHandler
                0x00000000080018e0                EXTI1_IRQHandler
                0x00000000080018e0                USART2_IRQHandler
                0x00000000080018e0                I2C2_ER_IRQHandler
                0x00000000080018e0                DMA2_Stream1_IRQHandler
                0x00000000080018e0                CAN1_SCE_IRQHandler
                0x00000000080018e0                FLASH_IRQHandler
                0x00000000080018e0                DMA2_Stream4_IRQHandler
                0x00000000080018e0                USART1_IRQHandler
                0x00000000080018e0                OTG_FS_IRQHandler
                0x00000000080018e0                SPI3_IRQHandler
                0x00000000080018e0                DMA1_Stream4_IRQHandler
                0x00000000080018e0                I2C1_ER_IRQHandler
                0x00000000080018e0                DMA2_Stream6_IRQHandler
                0x00000000080018e0                DMA1_Stream3_IRQHandler
 .text.NMI_Handler
                0x00000000080018e2        0xe ./src/stm32f4xx_it.o
                0x00000000080018e2                NMI_Handler
 .text.HardFault_Handler
                0x00000000080018f0        0x6 ./src/stm32f4xx_it.o
                0x00000000080018f0                HardFault_Handler
 .text.MemManage_Handler
                0x00000000080018f6        0x6 ./src/stm32f4xx_it.o
                0x00000000080018f6                MemManage_Handler
 .text.BusFault_Handler
                0x00000000080018fc        0x6 ./src/stm32f4xx_it.o
                0x00000000080018fc                BusFault_Handler
 .text.UsageFault_Handler
                0x0000000008001902        0x6 ./src/stm32f4xx_it.o
                0x0000000008001902                UsageFault_Handler
 .text.SVC_Handler
                0x0000000008001908        0xe ./src/stm32f4xx_it.o
                0x0000000008001908                SVC_Handler
 .text.DebugMon_Handler
                0x0000000008001916        0xe ./src/stm32f4xx_it.o
                0x0000000008001916                DebugMon_Handler
 .text.PendSV_Handler
                0x0000000008001924        0xe ./src/stm32f4xx_it.o
                0x0000000008001924                PendSV_Handler
 .text.SysTick_Handler
                0x0000000008001932        0xe ./src/stm32f4xx_it.o
                0x0000000008001932                SysTick_Handler
 .text.SystemInit
                0x0000000008001940       0x6c ./src/system_stm32f4xx.o
                0x0000000008001940                SystemInit
 .text.SetSysClock
                0x00000000080019ac       0xf8 ./src/system_stm32f4xx.o
 .text.__libc_init_array
                0x0000000008001aa4       0x48 d:/programs/stm32cubeide_1.7.0/stm32cubeide/plugins/com.st.stm32cube.ide.mcu.externaltools.gnu-tools-for-stm32.9-2020-q2-update.win32_2.0.0.202105311346/tools/bin/../lib/gcc/arm-none-eabi/9.3.1/../../../../arm-none-eabi/lib/thumb/v7e-m+fp/hard\libc_nano.a(lib_a-init.o)
                0x0000000008001aa4                __libc_init_array
 .text.memset   0x0000000008001aec       0x10 d:/programs/stm32cubeide_1.7.0/stm32cubeide/plugins/com.st.stm32cube.ide.mcu.externaltools.gnu-tools-for-stm32.9-2020-q2-update.win32_2.0.0.202105311346/tools/bin/../lib/gcc/arm-none-eabi/9.3.1/../../../../arm-none-eabi/lib/thumb/v7e-m+fp/hard\libc_nano.a(lib_a-memset.o)
                0x0000000008001aec                memset
 .text._vsprintf_r
                0x0000000008001afc       0x2c d:/programs/stm32cubeide_1.7.0/stm32cubeide/plugins/com.st.stm32cube.ide.mcu.externaltools.gnu-tools-for-stm32.9-2020-q2-update.win32_2.0.0.202105311346/tools/bin/../lib/gcc/arm-none-eabi/9.3.1/../../../../arm-none-eabi/lib/thumb/v7e-m+fp/hard\libc_nano.a(lib_a-vsprintf.o)
                0x0000000008001afc                _vsprintf_r
                0x0000000008001afc                _vsiprintf_r
 .text.vsprintf
                0x0000000008001b28       0x14 d:/programs/stm32cubeide_1.7.0/stm32cubeide/plugins/com.st.stm32cube.ide.mcu.externaltools.gnu-tools-for-stm32.9-2020-q2-update.win32_2.0.0.202105311346/tools/bin/../lib/gcc/arm-none-eabi/9.3.1/../../../../arm-none-eabi/lib/thumb/v7e-m+fp/hard\libc_nano.a(lib_a-vsprintf.o)
                0x0000000008001b28                vsiprintf
                0x0000000008001b28                vsprintf
 .text.__ssputs_r
                0x0000000008001b3c       0xb6 d:/programs/stm32cubeide_1.7.0/stm32cubeide/plugins/com.st.stm32cube.ide.mcu.externaltools.gnu-tools-for-stm32.9-2020-q2-update.win32_2.0.0.202105311346/tools/bin/../lib/gcc/arm-none-eabi/9.3.1/../../../../arm-none-eabi/lib/thumb/v7e-m+fp/hard\libc_nano.a(lib_a-nano-svfprintf.o)
                0x0000000008001b3c                __ssputs_r
 *fill*         0x0000000008001bf2        0x2 
 .text._svfprintf_r
                0x0000000008001bf4      0x200 d:/programs/stm32cubeide_1.7.0/stm32cubeide/plugins/com.st.stm32cube.ide.mcu.externaltools.gnu-tools-for-stm32.9-2020-q2-update.win32_2.0.0.202105311346/tools/bin/../lib/gcc/arm-none-eabi/9.3.1/../../../../arm-none-eabi/lib/thumb/v7e-m+fp/hard\libc_nano.a(lib_a-nano-svfprintf.o)
                0x0000000008001bf4                _svfiprintf_r
                0x0000000008001bf4                _svfprintf_r
 .text._printf_common
                0x0000000008001df4       0xda d:/programs/stm32cubeide_1.7.0/stm32cubeide/plugins/com.st.stm32cube.ide.mcu.externaltools.gnu-tools-for-stm32.9-2020-q2-update.win32_2.0.0.202105311346/tools/bin/../lib/gcc/arm-none-eabi/9.3.1/../../../../arm-none-eabi/lib/thumb/v7e-m+fp/hard\libc_nano.a(lib_a-nano-vfprintf_i.o)
                0x0000000008001df4                _printf_common
 *fill*         0x0000000008001ece        0x2 
 .text._printf_i
                0x0000000008001ed0      0x24c d:/programs/stm32cubeide_1.7.0/stm32cubeide/plugins/com.st.stm32cube.ide.mcu.externaltools.gnu-tools-for-stm32.9-2020-q2-update.win32_2.0.0.202105311346/tools/bin/../lib/gcc/arm-none-eabi/9.3.1/../../../../arm-none-eabi/lib/thumb/v7e-m+fp/hard\libc_nano.a(lib_a-nano-vfprintf_i.o)
                0x0000000008001ed0                _printf_i
 .text.memcpy   0x000000000800211c       0x1c d:/programs/stm32cubeide_1.7.0/stm32cubeide/plugins/com.st.stm32cube.ide.mcu.externaltools.gnu-tools-for-stm32.9-2020-q2-update.win32_2.0.0.202105311346/tools/bin/../lib/gcc/arm-none-eabi/9.3.1/../../../../arm-none-eabi/lib/thumb/v7e-m+fp/hard\libc_nano.a(lib_a-memcpy-stub.o)
                0x000000000800211c                memcpy
 .text.memmove  0x0000000008002138       0x34 d:/programs/stm32cubeide_1.7.0/stm32cubeide/plugins/com.st.stm32cube.ide.mcu.externaltools.gnu-tools-for-stm32.9-2020-q2-update.win32_2.0.0.202105311346/tools/bin/../lib/gcc/arm-none-eabi/9.3.1/../../../../arm-none-eabi/lib/thumb/v7e-m+fp/hard\libc_nano.a(lib_a-memmove.o)
                0x0000000008002138                memmove
 .text._free_r  0x000000000800216c       0xa0 d:/programs/stm32cubeide_1.7.0/stm32cubeide/plugins/com.st.stm32cube.ide.mcu.externaltools.gnu-tools-for-stm32.9-2020-q2-update.win32_2.0.0.202105311346/tools/bin/../lib/gcc/arm-none-eabi/9.3.1/../../../../arm-none-eabi/lib/thumb/v7e-m+fp/hard\libc_nano.a(lib_a-nano-freer.o)
                0x000000000800216c                _free_r
 .text._malloc_r
                0x000000000800220c       0xb4 d:/programs/stm32cubeide_1.7.0/stm32cubeide/plugins/com.st.stm32cube.ide.mcu.externaltools.gnu-tools-for-stm32.9-2020-q2-update.win32_2.0.0.202105311346/tools/bin/../lib/gcc/arm-none-eabi/9.3.1/../../../../arm-none-eabi/lib/thumb/v7e-m+fp/hard\libc_nano.a(lib_a-nano-mallocr.o)
                0x000000000800220c                _malloc_r
 .text._realloc_r
                0x00000000080022c0       0x4c d:/programs/stm32cubeide_1.7.0/stm32cubeide/plugins/com.st.stm32cube.ide.mcu.externaltools.gnu-tools-for-stm32.9-2020-q2-update.win32_2.0.0.202105311346/tools/bin/../lib/gcc/arm-none-eabi/9.3.1/../../../../arm-none-eabi/lib/thumb/v7e-m+fp/hard\libc_nano.a(lib_a-nano-reallocr.o)
                0x00000000080022c0                _realloc_r
 .text._sbrk_r  0x000000000800230c       0x20 d:/programs/stm32cubeide_1.7.0/stm32cubeide/plugins/com.st.stm32cube.ide.mcu.externaltools.gnu-tools-for-stm32.9-2020-q2-update.win32_2.0.0.202105311346/tools/bin/../lib/gcc/arm-none-eabi/9.3.1/../../../../arm-none-eabi/lib/thumb/v7e-m+fp/hard\libc_nano.a(lib_a-sbrkr.o)
                0x000000000800230c                _sbrk_r
 .text.__malloc_lock
                0x000000000800232c        0xc d:/programs/stm32cubeide_1.7.0/stm32cubeide/plugins/com.st.stm32cube.ide.mcu.externaltools.gnu-tools-for-stm32.9-2020-q2-update.win32_2.0.0.202105311346/tools/bin/../lib/gcc/arm-none-eabi/9.3.1/../../../../arm-none-eabi/lib/thumb/v7e-m+fp/hard\libc_nano.a(lib_a-mlock.o)
                0x000000000800232c                __malloc_lock
 .text.__malloc_unlock
                0x0000000008002338        0xc d:/programs/stm32cubeide_1.7.0/stm32cubeide/plugins/com.st.stm32cube.ide.mcu.externaltools.gnu-tools-for-stm32.9-2020-q2-update.win32_2.0.0.202105311346/tools/bin/../lib/gcc/arm-none-eabi/9.3.1/../../../../arm-none-eabi/lib/thumb/v7e-m+fp/hard\libc_nano.a(lib_a-mlock.o)
                0x0000000008002338                __malloc_unlock
 .text._malloc_usable_size_r
                0x0000000008002344       0x10 d:/programs/stm32cubeide_1.7.0/stm32cubeide/plugins/com.st.stm32cube.ide.mcu.externaltools.gnu-tools-for-stm32.9-2020-q2-update.win32_2.0.0.202105311346/tools/bin/../lib/gcc/arm-none-eabi/9.3.1/../../../../arm-none-eabi/lib/thumb/v7e-m+fp/hard\libc_nano.a(lib_a-nano-msizer.o)
                0x0000000008002344                _malloc_usable_size_r
 .text.__retarget_lock_acquire_recursive
                0x0000000008002354        0x2 d:/programs/stm32cubeide_1.7.0/stm32cubeide/plugins/com.st.stm32cube.ide.mcu.externaltools.gnu-tools-for-stm32.9-2020-q2-update.win32_2.0.0.202105311346/tools/bin/../lib/gcc/arm-none-eabi/9.3.1/../../../../arm-none-eabi/lib/thumb/v7e-m+fp/hard\libc_nano.a(lib_a-lock.o)
                0x0000000008002354                __retarget_lock_acquire_recursive
 .text.__retarget_lock_release_recursive
                0x0000000008002356        0x2 d:/programs/stm32cubeide_1.7.0/stm32cubeide/plugins/com.st.stm32cube.ide.mcu.externaltools.gnu-tools-for-stm32.9-2020-q2-update.win32_2.0.0.202105311346/tools/bin/../lib/gcc/arm-none-eabi/9.3.1/../../../../arm-none-eabi/lib/thumb/v7e-m+fp/hard\libc_nano.a(lib_a-lock.o)
                0x0000000008002356                __retarget_lock_release_recursive
 .text._sbrk    0x0000000008002358       0x1c d:/programs/stm32cubeide_1.7.0/stm32cubeide/plugins/com.st.stm32cube.ide.mcu.externaltools.gnu-tools-for-stm32.9-2020-q2-update.win32_2.0.0.202105311346/tools/bin/../lib/gcc/arm-none-eabi/9.3.1/../../../../arm-none-eabi/lib/thumb/v7e-m+fp/hard\libnosys.a(sbrk.o)
                0x0000000008002358                _sbrk
 *(.glue_7)
 .glue_7        0x0000000008002374        0x0 linker stubs
 *(.glue_7t)
 .glue_7t       0x0000000008002374        0x0 linker stubs
 *(.eh_frame)
 .eh_frame      0x0000000008002374        0x0 d:/programs/stm32cubeide_1.7.0/stm32cubeide/plugins/com.st.stm32cube.ide.mcu.externaltools.gnu-tools-for-stm32.9-2020-q2-update.win32_2.0.0.202105311346/tools/bin/../lib/gcc/arm-none-eabi/9.3.1/thumb/v7e-m+fp/hard/crtbegin.o
 *(.init)
 .init          0x0000000008002374        0x4 d:/programs/stm32cubeide_1.7.0/stm32cubeide/plugins/com.st.stm32cube.ide.mcu.externaltools.gnu-tools-for-stm32.9-2020-q2-update.win32_2.0.0.202105311346/tools/bin/../lib/gcc/arm-none-eabi/9.3.1/thumb/v7e-m+fp/hard/crti.o
                0x0000000008002374                _init
 .init          0x0000000008002378        0x8 d:/programs/stm32cubeide_1.7.0/stm32cubeide/plugins/com.st.stm32cube.ide.mcu.externaltools.gnu-tools-for-stm32.9-2020-q2-update.win32_2.0.0.202105311346/tools/bin/../lib/gcc/arm-none-eabi/9.3.1/thumb/v7e-m+fp/hard/crtn.o
 *(.fini)
 .fini          0x0000000008002380        0x4 d:/programs/stm32cubeide_1.7.0/stm32cubeide/plugins/com.st.stm32cube.ide.mcu.externaltools.gnu-tools-for-stm32.9-2020-q2-update.win32_2.0.0.202105311346/tools/bin/../lib/gcc/arm-none-eabi/9.3.1/thumb/v7e-m+fp/hard/crti.o
                0x0000000008002380                _fini
 .fini          0x0000000008002384        0x8 d:/programs/stm32cubeide_1.7.0/stm32cubeide/plugins/com.st.stm32cube.ide.mcu.externaltools.gnu-tools-for-stm32.9-2020-q2-update.win32_2.0.0.202105311346/tools/bin/../lib/gcc/arm-none-eabi/9.3.1/thumb/v7e-m+fp/hard/crtn.o
                0x000000000800238c                . = ALIGN (0x4)
                0x000000000800238c                _etext = .

.vfp11_veneer   0x000000000800238c        0x0
 .vfp11_veneer  0x000000000800238c        0x0 linker stubs

.v4_bx          0x000000000800238c        0x0
 .v4_bx         0x000000000800238c        0x0 linker stubs

.iplt           0x000000000800238c        0x0
 .iplt          0x000000000800238c        0x0 d:/programs/stm32cubeide_1.7.0/stm32cubeide/plugins/com.st.stm32cube.ide.mcu.externaltools.gnu-tools-for-stm32.9-2020-q2-update.win32_2.0.0.202105311346/tools/bin/../lib/gcc/arm-none-eabi/9.3.1/thumb/v7e-m+fp/hard/crtbegin.o

.rodata         0x000000000800238c       0xbc
                0x000000000800238c                . = ALIGN (0x4)
 *(.rodata)
 .rodata        0x000000000800238c       0x1a ./src/drivers/interrupts.o
 *fill*         0x00000000080023a6        0x2 
 .rodata        0x00000000080023a8       0x6d ./src/keypad.o
 *(.rodata*)
 .rodata._svfprintf_r.str1.1
                0x0000000008002415       0x11 d:/programs/stm32cubeide_1.7.0/stm32cubeide/plugins/com.st.stm32cube.ide.mcu.externaltools.gnu-tools-for-stm32.9-2020-q2-update.win32_2.0.0.202105311346/tools/bin/../lib/gcc/arm-none-eabi/9.3.1/../../../../arm-none-eabi/lib/thumb/v7e-m+fp/hard\libc_nano.a(lib_a-nano-svfprintf.o)
 .rodata._printf_i.str1.1
                0x0000000008002426       0x22 d:/programs/stm32cubeide_1.7.0/stm32cubeide/plugins/com.st.stm32cube.ide.mcu.externaltools.gnu-tools-for-stm32.9-2020-q2-update.win32_2.0.0.202105311346/tools/bin/../lib/gcc/arm-none-eabi/9.3.1/../../../../arm-none-eabi/lib/thumb/v7e-m+fp/hard\libc_nano.a(lib_a-nano-vfprintf_i.o)
                0x0000000008002448                . = ALIGN (0x4)

.rel.dyn        0x0000000008002448        0x0
 .rel.iplt      0x0000000008002448        0x0 d:/programs/stm32cubeide_1.7.0/stm32cubeide/plugins/com.st.stm32cube.ide.mcu.externaltools.gnu-tools-for-stm32.9-2020-q2-update.win32_2.0.0.202105311346/tools/bin/../lib/gcc/arm-none-eabi/9.3.1/thumb/v7e-m+fp/hard/crtbegin.o

.ARM.extab
 *(.ARM.extab* .gnu.linkonce.armextab.*)

.ARM            0x0000000008002448        0x0
                0x0000000008002448                __exidx_start = .
 *(.ARM.exidx*)
                0x0000000008002448                __exidx_end = .

.preinit_array  0x0000000008002448        0x0
                0x0000000008002448                PROVIDE (__preinit_array_start = .)
 *(.preinit_array*)
                0x0000000008002448                PROVIDE (__preinit_array_end = .)

.init_array     0x0000000008002448        0x4
                0x0000000008002448                PROVIDE (__init_array_start = .)
 *(SORT_BY_NAME(.init_array.*))
 *(.init_array*)
 .init_array    0x0000000008002448        0x4 d:/programs/stm32cubeide_1.7.0/stm32cubeide/plugins/com.st.stm32cube.ide.mcu.externaltools.gnu-tools-for-stm32.9-2020-q2-update.win32_2.0.0.202105311346/tools/bin/../lib/gcc/arm-none-eabi/9.3.1/thumb/v7e-m+fp/hard/crtbegin.o
                0x000000000800244c                PROVIDE (__init_array_end = .)

.fini_array     0x000000000800244c        0x4
                [!provide]                        PROVIDE (__fini_array_start = .)
 *(SORT_BY_NAME(.fini_array.*))
 *(.fini_array*)
 .fini_array    0x000000000800244c        0x4 d:/programs/stm32cubeide_1.7.0/stm32cubeide/plugins/com.st.stm32cube.ide.mcu.externaltools.gnu-tools-for-stm32.9-2020-q2-update.win32_2.0.0.202105311346/tools/bin/../lib/gcc/arm-none-eabi/9.3.1/thumb/v7e-m+fp/hard/crtbegin.o
                [!provide]                        PROVIDE (__fini_array_end = .)
                0x0000000008002450                _sidata = LOADADDR (.data)

.data           0x0000000020000000       0x84 load address 0x0000000008002450
                0x0000000020000000                . = ALIGN (0x4)
                0x0000000020000000                _sdata = .
 *(.data)
 *(.data*)
 .data.APBAHBPrescTable
                0x0000000020000000       0x10 ./Libraries/STM32F4xx_StdPeriph_Driver/src/stm32f4xx_rcc.o
 .data.keypad_symbols
                0x0000000020000010       0x10 ./src/keypad.o
                0x0000000020000010                keypad_symbols
 .data._impure_ptr
                0x0000000020000020        0x4 d:/programs/stm32cubeide_1.7.0/stm32cubeide/plugins/com.st.stm32cube.ide.mcu.externaltools.gnu-tools-for-stm32.9-2020-q2-update.win32_2.0.0.202105311346/tools/bin/../lib/gcc/arm-none-eabi/9.3.1/../../../../arm-none-eabi/lib/thumb/v7e-m+fp/hard\libc_nano.a(lib_a-impure.o)
                0x0000000020000020                _impure_ptr
 .data.impure_data
                0x0000000020000024       0x60 d:/programs/stm32cubeide_1.7.0/stm32cubeide/plugins/com.st.stm32cube.ide.mcu.externaltools.gnu-tools-for-stm32.9-2020-q2-update.win32_2.0.0.202105311346/tools/bin/../lib/gcc/arm-none-eabi/9.3.1/../../../../arm-none-eabi/lib/thumb/v7e-m+fp/hard\libc_nano.a(lib_a-impure.o)
                0x0000000020000084                . = ALIGN (0x4)
                0x0000000020000084                _edata = .
                0x00000000080024d4                _siccmram = LOADADDR (.ccmram)

.igot.plt       0x0000000020000084        0x0 load address 0x00000000080024d4
 .igot.plt      0x0000000020000084        0x0 d:/programs/stm32cubeide_1.7.0/stm32cubeide/plugins/com.st.stm32cube.ide.mcu.externaltools.gnu-tools-for-stm32.9-2020-q2-update.win32_2.0.0.202105311346/tools/bin/../lib/gcc/arm-none-eabi/9.3.1/thumb/v7e-m+fp/hard/crtbegin.o

.ccmram         0x0000000010000000        0x0 load address 0x00000000080024d4
                0x0000000010000000                . = ALIGN (0x4)
                0x0000000010000000                _sccmram = .
 *(.ccmram)
 *(.ccmram*)
                0x0000000010000000                . = ALIGN (0x4)
                0x0000000010000000                _eccmram = .
                0x0000000010000000                . = ALIGN (0x4)

.bss            0x0000000020000084      0x290
                0x0000000020000084                _sbss = .
                0x0000000020000084                __bss_start__ = _sbss
 *(.bss)
 .bss           0x0000000020000084       0x1c d:/programs/stm32cubeide_1.7.0/stm32cubeide/plugins/com.st.stm32cube.ide.mcu.externaltools.gnu-tools-for-stm32.9-2020-q2-update.win32_2.0.0.202105311346/tools/bin/../lib/gcc/arm-none-eabi/9.3.1/thumb/v7e-m+fp/hard/crtbegin.o
 *(.bss*)
 .bss.USART_printf_buffer
                0x00000000200000a0      0x100 ./src/drivers/USART.o
 .bss.RCC_Clocks
                0x00000000200001a0       0x10 ./src/drivers/clock_config.o
 .bss.n_chars   0x00000000200001b0        0x1 ./src/keypad.o
                0x00000000200001b0                n_chars
 *fill*         0x00000000200001b1        0x3 
 .bss.__malloc_free_list
                0x00000000200001b4        0x4 d:/programs/stm32cubeide_1.7.0/stm32cubeide/plugins/com.st.stm32cube.ide.mcu.externaltools.gnu-tools-for-stm32.9-2020-q2-update.win32_2.0.0.202105311346/tools/bin/../lib/gcc/arm-none-eabi/9.3.1/../../../../arm-none-eabi/lib/thumb/v7e-m+fp/hard\libc_nano.a(lib_a-nano-mallocr.o)
                0x00000000200001b4                __malloc_free_list
 .bss.__malloc_sbrk_start
                0x00000000200001b8        0x4 d:/programs/stm32cubeide_1.7.0/stm32cubeide/plugins/com.st.stm32cube.ide.mcu.externaltools.gnu-tools-for-stm32.9-2020-q2-update.win32_2.0.0.202105311346/tools/bin/../lib/gcc/arm-none-eabi/9.3.1/../../../../arm-none-eabi/lib/thumb/v7e-m+fp/hard\libc_nano.a(lib_a-nano-mallocr.o)
                0x00000000200001b8                __malloc_sbrk_start
 .bss.heap_end.5507
                0x00000000200001bc        0x4 d:/programs/stm32cubeide_1.7.0/stm32cubeide/plugins/com.st.stm32cube.ide.mcu.externaltools.gnu-tools-for-stm32.9-2020-q2-update.win32_2.0.0.202105311346/tools/bin/../lib/gcc/arm-none-eabi/9.3.1/../../../../arm-none-eabi/lib/thumb/v7e-m+fp/hard\libnosys.a(sbrk.o)
 *(COMMON)
 COMMON         0x00000000200001c0        0xc ./src/drivers/Buttons.o
                0x00000000200001c0                RIGHT_BUTTON_state
                0x00000000200001c1                DOWN_BUTTON_state
                0x00000000200001c2                UP_BUTTON_state
                0x00000000200001c3                OK_BUTTON_state
                0x00000000200001c4                USER_BUTTON_state
                0x00000000200001c5                LEFT_BUTTON_state
                0x00000000200001c8                timing_dalay
 COMMON         0x00000000200001cc      0x104 ./src/drivers/CAN_BUS.o
                0x00000000200001cc                USART3_RX_DATA
                0x00000000200001d0                USART3_BUFFER
 COMMON         0x00000000200002d0        0x4 ./src/drivers/interrupts.o
                0x00000000200002d0                usart3_buffer_iterrator
 COMMON         0x00000000200002d4       0x30 ./src/keypad.o
                0x00000000200002d4                data
                0x00000000200002f8                str_tx
                0x0000000020000300                str
 COMMON         0x0000000020000304        0x4 d:/programs/stm32cubeide_1.7.0/stm32cubeide/plugins/com.st.stm32cube.ide.mcu.externaltools.gnu-tools-for-stm32.9-2020-q2-update.win32_2.0.0.202105311346/tools/bin/../lib/gcc/arm-none-eabi/9.3.1/../../../../arm-none-eabi/lib/thumb/v7e-m+fp/hard\libc_nano.a(lib_a-reent.o)
                0x0000000020000304                errno
 COMMON         0x0000000020000308        0x9 d:/programs/stm32cubeide_1.7.0/stm32cubeide/plugins/com.st.stm32cube.ide.mcu.externaltools.gnu-tools-for-stm32.9-2020-q2-update.win32_2.0.0.202105311346/tools/bin/../lib/gcc/arm-none-eabi/9.3.1/../../../../arm-none-eabi/lib/thumb/v7e-m+fp/hard\libc_nano.a(lib_a-lock.o)
                0x0000000020000308                __lock___atexit_recursive_mutex
                0x0000000020000309                __lock___arc4random_mutex
                0x000000002000030a                __lock___env_recursive_mutex
                0x000000002000030b                __lock___sinit_recursive_mutex
                0x000000002000030c                __lock___malloc_recursive_mutex
                0x000000002000030d                __lock___at_quick_exit_mutex
                0x000000002000030e                __lock___dd_hash_mutex
                0x000000002000030f                __lock___tz_mutex
                0x0000000020000310                __lock___sfp_recursive_mutex
                0x0000000020000314                . = ALIGN (0x4)
 *fill*         0x0000000020000311        0x3 
                0x0000000020000314                _ebss = .
                0x0000000020000314                __bss_end__ = _ebss

._user_heap_stack
                0x0000000020000314      0x400
                0x0000000020000314                . = ALIGN (0x4)
                0x0000000020000314                PROVIDE (end = .)
                [!provide]                        PROVIDE (_end = .)
                0x0000000020000314                . = (. + _Min_Heap_Size)
                0x0000000020000714                . = (. + _Min_Stack_Size)
 *fill*         0x0000000020000314      0x400 
                0x0000000020000714                . = ALIGN (0x4)

.memory_b1_text
 *(.mb1text)
 *(.mb1text*)
 *(.mb1rodata)
 *(.mb1rodata*)

/DISCARD/
 libc.a(*)
 libm.a(*)
 libgcc.a(*)

.ARM.attributes
                0x0000000000000000       0x30
 *(.ARM.attributes)
 .ARM.attributes
                0x0000000000000000       0x1e d:/programs/stm32cubeide_1.7.0/stm32cubeide/plugins/com.st.stm32cube.ide.mcu.externaltools.gnu-tools-for-stm32.9-2020-q2-update.win32_2.0.0.202105311346/tools/bin/../lib/gcc/arm-none-eabi/9.3.1/thumb/v7e-m+fp/hard/crti.o
 .ARM.attributes
                0x000000000000001e       0x34 d:/programs/stm32cubeide_1.7.0/stm32cubeide/plugins/com.st.stm32cube.ide.mcu.externaltools.gnu-tools-for-stm32.9-2020-q2-update.win32_2.0.0.202105311346/tools/bin/../lib/gcc/arm-none-eabi/9.3.1/thumb/v7e-m+fp/hard/crtbegin.o
 .ARM.attributes
                0x0000000000000052       0x34 ./Libraries/STM32F4xx_StdPeriph_Driver/src/stm32f4xx_can.o
 .ARM.attributes
                0x0000000000000086       0x34 ./Libraries/STM32F4xx_StdPeriph_Driver/src/stm32f4xx_exti.o
 .ARM.attributes
                0x00000000000000ba       0x34 ./Libraries/STM32F4xx_StdPeriph_Driver/src/stm32f4xx_gpio.o
 .ARM.attributes
                0x00000000000000ee       0x34 ./Libraries/STM32F4xx_StdPeriph_Driver/src/stm32f4xx_rcc.o
 .ARM.attributes
                0x0000000000000122       0x34 ./Libraries/STM32F4xx_StdPeriph_Driver/src/stm32f4xx_usart.o
 .ARM.attributes
                0x0000000000000156       0x34 ./src/drivers/Buttons.o
 .ARM.attributes
                0x000000000000018a       0x34 ./src/drivers/CAN_BUS.o
 .ARM.attributes
                0x00000000000001be       0x34 ./src/drivers/DISPLAY_WH1602B_4Bit.o
 .ARM.attributes
                0x00000000000001f2       0x34 ./src/drivers/USART.o
 .ARM.attributes
                0x0000000000000226       0x34 ./src/drivers/clock_config.o
 .ARM.attributes
                0x000000000000025a       0x34 ./src/drivers/interrupts.o
 .ARM.attributes
                0x000000000000028e       0x34 ./src/keypad.o
 .ARM.attributes
                0x00000000000002c2       0x34 ./src/main.o
 .ARM.attributes
                0x00000000000002f6       0x21 ./src/startup_stm32f40xx.o
 .ARM.attributes
                0x0000000000000317       0x34 ./src/stm32f4xx_it.o
 .ARM.attributes
                0x000000000000034b       0x34 ./src/system_stm32f4xx.o
 .ARM.attributes
                0x000000000000037f       0x32 d:/programs/stm32cubeide_1.7.0/stm32cubeide/plugins/com.st.stm32cube.ide.mcu.externaltools.gnu-tools-for-stm32.9-2020-q2-update.win32_2.0.0.202105311346/tools/bin/../lib/gcc/arm-none-eabi/9.3.1/../../../../arm-none-eabi/lib/thumb/v7e-m+fp/hard\libc_nano.a(lib_a-impure.o)
 .ARM.attributes
                0x00000000000003b1       0x34 d:/programs/stm32cubeide_1.7.0/stm32cubeide/plugins/com.st.stm32cube.ide.mcu.externaltools.gnu-tools-for-stm32.9-2020-q2-update.win32_2.0.0.202105311346/tools/bin/../lib/gcc/arm-none-eabi/9.3.1/../../../../arm-none-eabi/lib/thumb/v7e-m+fp/hard\libc_nano.a(lib_a-init.o)
 .ARM.attributes
                0x00000000000003e5       0x34 d:/programs/stm32cubeide_1.7.0/stm32cubeide/plugins/com.st.stm32cube.ide.mcu.externaltools.gnu-tools-for-stm32.9-2020-q2-update.win32_2.0.0.202105311346/tools/bin/../lib/gcc/arm-none-eabi/9.3.1/../../../../arm-none-eabi/lib/thumb/v7e-m+fp/hard\libc_nano.a(lib_a-memset.o)
 .ARM.attributes
                0x0000000000000419       0x17 d:/programs/stm32cubeide_1.7.0/stm32cubeide/plugins/com.st.stm32cube.ide.mcu.externaltools.gnu-tools-for-stm32.9-2020-q2-update.win32_2.0.0.202105311346/tools/bin/../lib/gcc/arm-none-eabi/9.3.1/../../../../arm-none-eabi/lib/thumb/v7e-m+fp/hard\libc_nano.a(lib_a-strlen.o)
 .ARM.attributes
                0x0000000000000430       0x34 d:/programs/stm32cubeide_1.7.0/stm32cubeide/plugins/com.st.stm32cube.ide.mcu.externaltools.gnu-tools-for-stm32.9-2020-q2-update.win32_2.0.0.202105311346/tools/bin/../lib/gcc/arm-none-eabi/9.3.1/../../../../arm-none-eabi/lib/thumb/v7e-m+fp/hard\libc_nano.a(lib_a-vsprintf.o)
 .ARM.attributes
                0x0000000000000464       0x34 d:/programs/stm32cubeide_1.7.0/stm32cubeide/plugins/com.st.stm32cube.ide.mcu.externaltools.gnu-tools-for-stm32.9-2020-q2-update.win32_2.0.0.202105311346/tools/bin/../lib/gcc/arm-none-eabi/9.3.1/../../../../arm-none-eabi/lib/thumb/v7e-m+fp/hard\libc_nano.a(lib_a-nano-svfprintf.o)
 .ARM.attributes
                0x0000000000000498       0x34 d:/programs/stm32cubeide_1.7.0/stm32cubeide/plugins/com.st.stm32cube.ide.mcu.externaltools.gnu-tools-for-stm32.9-2020-q2-update.win32_2.0.0.202105311346/tools/bin/../lib/gcc/arm-none-eabi/9.3.1/../../../../arm-none-eabi/lib/thumb/v7e-m+fp/hard\libc_nano.a(lib_a-nano-vfprintf_i.o)
 .ARM.attributes
                0x00000000000004cc       0x1c d:/programs/stm32cubeide_1.7.0/stm32cubeide/plugins/com.st.stm32cube.ide.mcu.externaltools.gnu-tools-for-stm32.9-2020-q2-update.win32_2.0.0.202105311346/tools/bin/../lib/gcc/arm-none-eabi/9.3.1/../../../../arm-none-eabi/lib/thumb/v7e-m+fp/hard\libc_nano.a(lib_a-memchr.o)
 .ARM.attributes
                0x00000000000004e8       0x34 d:/programs/stm32cubeide_1.7.0/stm32cubeide/plugins/com.st.stm32cube.ide.mcu.externaltools.gnu-tools-for-stm32.9-2020-q2-update.win32_2.0.0.202105311346/tools/bin/../lib/gcc/arm-none-eabi/9.3.1/../../../../arm-none-eabi/lib/thumb/v7e-m+fp/hard\libc_nano.a(lib_a-memcpy-stub.o)
 .ARM.attributes
                0x000000000000051c       0x34 d:/programs/stm32cubeide_1.7.0/stm32cubeide/plugins/com.st.stm32cube.ide.mcu.externaltools.gnu-tools-for-stm32.9-2020-q2-update.win32_2.0.0.202105311346/tools/bin/../lib/gcc/arm-none-eabi/9.3.1/../../../../arm-none-eabi/lib/thumb/v7e-m+fp/hard\libc_nano.a(lib_a-memmove.o)
 .ARM.attributes
                0x0000000000000550       0x34 d:/programs/stm32cubeide_1.7.0/stm32cubeide/plugins/com.st.stm32cube.ide.mcu.externaltools.gnu-tools-for-stm32.9-2020-q2-update.win32_2.0.0.202105311346/tools/bin/../lib/gcc/arm-none-eabi/9.3.1/../../../../arm-none-eabi/lib/thumb/v7e-m+fp/hard\libc_nano.a(lib_a-nano-freer.o)
 .ARM.attributes
                0x0000000000000584       0x34 d:/programs/stm32cubeide_1.7.0/stm32cubeide/plugins/com.st.stm32cube.ide.mcu.externaltools.gnu-tools-for-stm32.9-2020-q2-update.win32_2.0.0.202105311346/tools/bin/../lib/gcc/arm-none-eabi/9.3.1/../../../../arm-none-eabi/lib/thumb/v7e-m+fp/hard\libc_nano.a(lib_a-nano-mallocr.o)
 .ARM.attributes
                0x00000000000005b8       0x34 d:/programs/stm32cubeide_1.7.0/stm32cubeide/plugins/com.st.stm32cube.ide.mcu.externaltools.gnu-tools-for-stm32.9-2020-q2-update.win32_2.0.0.202105311346/tools/bin/../lib/gcc/arm-none-eabi/9.3.1/../../../../arm-none-eabi/lib/thumb/v7e-m+fp/hard\libc_nano.a(lib_a-nano-reallocr.o)
 .ARM.attributes
                0x00000000000005ec       0x34 d:/programs/stm32cubeide_1.7.0/stm32cubeide/plugins/com.st.stm32cube.ide.mcu.externaltools.gnu-tools-for-stm32.9-2020-q2-update.win32_2.0.0.202105311346/tools/bin/../lib/gcc/arm-none-eabi/9.3.1/../../../../arm-none-eabi/lib/thumb/v7e-m+fp/hard\libc_nano.a(lib_a-sbrkr.o)
 .ARM.attributes
                0x0000000000000620       0x34 d:/programs/stm32cubeide_1.7.0/stm32cubeide/plugins/com.st.stm32cube.ide.mcu.externaltools.gnu-tools-for-stm32.9-2020-q2-update.win32_2.0.0.202105311346/tools/bin/../lib/gcc/arm-none-eabi/9.3.1/../../../../arm-none-eabi/lib/thumb/v7e-m+fp/hard\libc_nano.a(lib_a-mlock.o)
 .ARM.attributes
                0x0000000000000654       0x34 d:/programs/stm32cubeide_1.7.0/stm32cubeide/plugins/com.st.stm32cube.ide.mcu.externaltools.gnu-tools-for-stm32.9-2020-q2-update.win32_2.0.0.202105311346/tools/bin/../lib/gcc/arm-none-eabi/9.3.1/../../../../arm-none-eabi/lib/thumb/v7e-m+fp/hard\libc_nano.a(lib_a-nano-msizer.o)
 .ARM.attributes
                0x0000000000000688       0x34 d:/programs/stm32cubeide_1.7.0/stm32cubeide/plugins/com.st.stm32cube.ide.mcu.externaltools.gnu-tools-for-stm32.9-2020-q2-update.win32_2.0.0.202105311346/tools/bin/../lib/gcc/arm-none-eabi/9.3.1/../../../../arm-none-eabi/lib/thumb/v7e-m+fp/hard\libc_nano.a(lib_a-reent.o)
 .ARM.attributes
                0x00000000000006bc       0x34 d:/programs/stm32cubeide_1.7.0/stm32cubeide/plugins/com.st.stm32cube.ide.mcu.externaltools.gnu-tools-for-stm32.9-2020-q2-update.win32_2.0.0.202105311346/tools/bin/../lib/gcc/arm-none-eabi/9.3.1/../../../../arm-none-eabi/lib/thumb/v7e-m+fp/hard\libc_nano.a(lib_a-lock.o)
 .ARM.attributes
                0x00000000000006f0       0x34 d:/programs/stm32cubeide_1.7.0/stm32cubeide/plugins/com.st.stm32cube.ide.mcu.externaltools.gnu-tools-for-stm32.9-2020-q2-update.win32_2.0.0.202105311346/tools/bin/../lib/gcc/arm-none-eabi/9.3.1/../../../../arm-none-eabi/lib/thumb/v7e-m+fp/hard\libnosys.a(sbrk.o)
 .ARM.attributes
                0x0000000000000724       0x1e d:/programs/stm32cubeide_1.7.0/stm32cubeide/plugins/com.st.stm32cube.ide.mcu.externaltools.gnu-tools-for-stm32.9-2020-q2-update.win32_2.0.0.202105311346/tools/bin/../lib/gcc/arm-none-eabi/9.3.1/thumb/v7e-m+fp/hard/crtn.o
OUTPUT(03_display.elf elf32-littlearm)
LOAD linker stubs
LOAD d:/programs/stm32cubeide_1.7.0/stm32cubeide/plugins/com.st.stm32cube.ide.mcu.externaltools.gnu-tools-for-stm32.9-2020-q2-update.win32_2.0.0.202105311346/tools/bin/../lib/gcc/arm-none-eabi/9.3.1/../../../../arm-none-eabi/lib/thumb/v7e-m+fp/hard\libc.a
LOAD d:/programs/stm32cubeide_1.7.0/stm32cubeide/plugins/com.st.stm32cube.ide.mcu.externaltools.gnu-tools-for-stm32.9-2020-q2-update.win32_2.0.0.202105311346/tools/bin/../lib/gcc/arm-none-eabi/9.3.1/../../../../arm-none-eabi/lib/thumb/v7e-m+fp/hard\libm.a
LOAD d:/programs/stm32cubeide_1.7.0/stm32cubeide/plugins/com.st.stm32cube.ide.mcu.externaltools.gnu-tools-for-stm32.9-2020-q2-update.win32_2.0.0.202105311346/tools/bin/../lib/gcc/arm-none-eabi/9.3.1/thumb/v7e-m+fp/hard\libgcc.a

.debug_info     0x0000000000000000     0x9e79
 .debug_info    0x0000000000000000      0xc64 ./Libraries/STM32F4xx_StdPeriph_Driver/src/stm32f4xx_can.o
 .debug_info    0x0000000000000c64      0x397 ./Libraries/STM32F4xx_StdPeriph_Driver/src/stm32f4xx_exti.o
 .debug_info    0x0000000000000ffb      0x683 ./Libraries/STM32F4xx_StdPeriph_Driver/src/stm32f4xx_gpio.o
 .debug_info    0x000000000000167e      0xd52 ./Libraries/STM32F4xx_StdPeriph_Driver/src/stm32f4xx_rcc.o
 .debug_info    0x00000000000023d0      0xa6c ./Libraries/STM32F4xx_StdPeriph_Driver/src/stm32f4xx_usart.o
 .debug_info    0x0000000000002e3c      0x70e ./src/drivers/Buttons.o
 .debug_info    0x000000000000354a     0x10eb ./src/drivers/CAN_BUS.o
 .debug_info    0x0000000000004635      0xe5d ./src/drivers/DISPLAY_WH1602B_4Bit.o
 .debug_info    0x0000000000005492     0x1185 ./src/drivers/USART.o
 .debug_info    0x0000000000006617      0xa8e ./src/drivers/clock_config.o
 .debug_info    0x00000000000070a5     0x101c ./src/drivers/interrupts.o
 .debug_info    0x00000000000080c1      0xbe8 ./src/keypad.o
 .debug_info    0x0000000000008ca9      0xa1d ./src/main.o
 .debug_info    0x00000000000096c6       0x22 ./src/startup_stm32f40xx.o
 .debug_info    0x00000000000096e8      0x160 ./src/stm32f4xx_it.o
 .debug_info    0x0000000000009848      0x631 ./src/system_stm32f4xx.o

.debug_abbrev   0x0000000000000000     0x1d6c
 .debug_abbrev  0x0000000000000000      0x23b ./Libraries/STM32F4xx_StdPeriph_Driver/src/stm32f4xx_can.o
 .debug_abbrev  0x000000000000023b      0x1ed ./Libraries/STM32F4xx_StdPeriph_Driver/src/stm32f4xx_exti.o
 .debug_abbrev  0x0000000000000428      0x1e9 ./Libraries/STM32F4xx_StdPeriph_Driver/src/stm32f4xx_gpio.o
 .debug_abbrev  0x0000000000000611      0x229 ./Libraries/STM32F4xx_StdPeriph_Driver/src/stm32f4xx_rcc.o
 .debug_abbrev  0x000000000000083a      0x1ab ./Libraries/STM32F4xx_StdPeriph_Driver/src/stm32f4xx_usart.o
 .debug_abbrev  0x00000000000009e5      0x182 ./src/drivers/Buttons.o
 .debug_abbrev  0x0000000000000b67      0x237 ./src/drivers/CAN_BUS.o
 .debug_abbrev  0x0000000000000d9e      0x26d ./src/drivers/DISPLAY_WH1602B_4Bit.o
 .debug_abbrev  0x000000000000100b      0x2e6 ./src/drivers/USART.o
 .debug_abbrev  0x00000000000012f1      0x1b8 ./src/drivers/clock_config.o
 .debug_abbrev  0x00000000000014a9      0x26d ./src/drivers/interrupts.o
 .debug_abbrev  0x0000000000001716      0x260 ./src/keypad.o
 .debug_abbrev  0x0000000000001976      0x1e6 ./src/main.o
 .debug_abbrev  0x0000000000001b5c       0x12 ./src/startup_stm32f40xx.o
 .debug_abbrev  0x0000000000001b6e       0x83 ./src/stm32f4xx_it.o
 .debug_abbrev  0x0000000000001bf1      0x17b ./src/system_stm32f4xx.o

.debug_aranges  0x0000000000000000      0x778
 .debug_aranges
                0x0000000000000000       0xe0 ./Libraries/STM32F4xx_StdPeriph_Driver/src/stm32f4xx_can.o
 .debug_aranges
                0x00000000000000e0       0x58 ./Libraries/STM32F4xx_StdPeriph_Driver/src/stm32f4xx_exti.o
 .debug_aranges
                0x0000000000000138       0x88 ./Libraries/STM32F4xx_StdPeriph_Driver/src/stm32f4xx_gpio.o
 .debug_aranges
                0x00000000000001c0      0x180 ./Libraries/STM32F4xx_StdPeriph_Driver/src/stm32f4xx_rcc.o
 .debug_aranges
                0x0000000000000340      0x100 ./Libraries/STM32F4xx_StdPeriph_Driver/src/stm32f4xx_usart.o
 .debug_aranges
                0x0000000000000440       0x28 ./src/drivers/Buttons.o
 .debug_aranges
                0x0000000000000468       0x40 ./src/drivers/CAN_BUS.o
 .debug_aranges
                0x00000000000004a8       0x98 ./src/drivers/DISPLAY_WH1602B_4Bit.o
 .debug_aranges
                0x0000000000000540       0x88 ./src/drivers/USART.o
 .debug_aranges
                0x00000000000005c8       0x58 ./src/drivers/clock_config.o
 .debug_aranges
                0x0000000000000620       0x40 ./src/drivers/interrupts.o
 .debug_aranges
                0x0000000000000660       0x40 ./src/keypad.o
 .debug_aranges
                0x00000000000006a0       0x20 ./src/main.o
 .debug_aranges
                0x00000000000006c0       0x28 ./src/startup_stm32f40xx.o
 .debug_aranges
                0x00000000000006e8       0x60 ./src/stm32f4xx_it.o
 .debug_aranges
                0x0000000000000748       0x30 ./src/system_stm32f4xx.o

.debug_ranges   0x0000000000000000      0x680
 .debug_ranges  0x0000000000000000       0xd0 ./Libraries/STM32F4xx_StdPeriph_Driver/src/stm32f4xx_can.o
 .debug_ranges  0x00000000000000d0       0x48 ./Libraries/STM32F4xx_StdPeriph_Driver/src/stm32f4xx_exti.o
 .debug_ranges  0x0000000000000118       0x78 ./Libraries/STM32F4xx_StdPeriph_Driver/src/stm32f4xx_gpio.o
 .debug_ranges  0x0000000000000190      0x170 ./Libraries/STM32F4xx_StdPeriph_Driver/src/stm32f4xx_rcc.o
 .debug_ranges  0x0000000000000300       0xf0 ./Libraries/STM32F4xx_StdPeriph_Driver/src/stm32f4xx_usart.o
 .debug_ranges  0x00000000000003f0       0x18 ./src/drivers/Buttons.o
 .debug_ranges  0x0000000000000408       0x30 ./src/drivers/CAN_BUS.o
 .debug_ranges  0x0000000000000438       0x88 ./src/drivers/DISPLAY_WH1602B_4Bit.o
 .debug_ranges  0x00000000000004c0       0x78 ./src/drivers/USART.o
 .debug_ranges  0x0000000000000538       0x48 ./src/drivers/clock_config.o
 .debug_ranges  0x0000000000000580       0x30 ./src/drivers/interrupts.o
 .debug_ranges  0x00000000000005b0       0x30 ./src/keypad.o
 .debug_ranges  0x00000000000005e0       0x10 ./src/main.o
 .debug_ranges  0x00000000000005f0       0x20 ./src/startup_stm32f40xx.o
 .debug_ranges  0x0000000000000610       0x50 ./src/stm32f4xx_it.o
 .debug_ranges  0x0000000000000660       0x20 ./src/system_stm32f4xx.o

.debug_macro    0x0000000000000000     0x4107
 .debug_macro   0x0000000000000000      0x215 ./Libraries/STM32F4xx_StdPeriph_Driver/src/stm32f4xx_can.o
 .debug_macro   0x0000000000000215      0x1c6 ./Libraries/STM32F4xx_StdPeriph_Driver/src/stm32f4xx_exti.o
 .debug_macro   0x00000000000003db       0xa8 ./Libraries/STM32F4xx_StdPeriph_Driver/src/stm32f4xx_exti.o
 .debug_macro   0x0000000000000483      0x1c0 ./Libraries/STM32F4xx_StdPeriph_Driver/src/stm32f4xx_gpio.o
 .debug_macro   0x0000000000000643      0x282 ./Libraries/STM32F4xx_StdPeriph_Driver/src/stm32f4xx_gpio.o
 .debug_macro   0x00000000000008c5      0x27c ./Libraries/STM32F4xx_StdPeriph_Driver/src/stm32f4xx_rcc.o
 .debug_macro   0x0000000000000b41      0x576 ./Libraries/STM32F4xx_StdPeriph_Driver/src/stm32f4xx_rcc.o
 .debug_macro   0x00000000000010b7      0x1d8 ./Libraries/STM32F4xx_StdPeriph_Driver/src/stm32f4xx_usart.o
 .debug_macro   0x000000000000128f      0x21d ./Libraries/STM32F4xx_StdPeriph_Driver/src/stm32f4xx_usart.o
 .debug_macro   0x00000000000014ac      0x1d8 ./src/drivers/Buttons.o
 .debug_macro   0x0000000000001684       0x46 ./src/drivers/Buttons.o
 .debug_macro   0x00000000000016ca       0x22 ./src/drivers/Buttons.o
 .debug_macro   0x00000000000016ec      0x38d ./src/drivers/CAN_BUS.o
 .debug_macro   0x0000000000001a79       0x1c ./src/drivers/CAN_BUS.o
 .debug_macro   0x0000000000001a95      0x16c ./src/drivers/CAN_BUS.o
 .debug_macro   0x0000000000001c01       0x2e ./src/drivers/CAN_BUS.o
 .debug_macro   0x0000000000001c2f       0x52 ./src/drivers/CAN_BUS.o
 .debug_macro   0x0000000000001c81       0x18 ./src/drivers/CAN_BUS.o
 .debug_macro   0x0000000000001c99       0x3c ./src/drivers/CAN_BUS.o
 .debug_macro   0x0000000000001cd5       0x34 ./src/drivers/CAN_BUS.o
 .debug_macro   0x0000000000001d09      0x174 ./src/drivers/CAN_BUS.o
 .debug_macro   0x0000000000001e7d       0x16 ./src/drivers/CAN_BUS.o
 .debug_macro   0x0000000000001e93       0x43 ./src/drivers/CAN_BUS.o
 .debug_macro   0x0000000000001ed6       0x34 ./src/drivers/CAN_BUS.o
 .debug_macro   0x0000000000001f0a       0x10 ./src/drivers/CAN_BUS.o
 .debug_macro   0x0000000000001f1a       0x58 ./src/drivers/CAN_BUS.o
 .debug_macro   0x0000000000001f72       0x71 ./src/drivers/CAN_BUS.o
 .debug_macro   0x0000000000001fe3       0x1c ./src/drivers/CAN_BUS.o
 .debug_macro   0x0000000000001fff      0x12a ./src/drivers/CAN_BUS.o
 .debug_macro   0x0000000000002129      0x339 ./src/drivers/CAN_BUS.o
 .debug_macro   0x0000000000002462       0x10 ./src/drivers/CAN_BUS.o
 .debug_macro   0x0000000000002472       0x35 ./src/drivers/CAN_BUS.o
 .debug_macro   0x00000000000024a7       0x20 ./src/drivers/CAN_BUS.o
 .debug_macro   0x00000000000024c7       0x58 ./src/drivers/CAN_BUS.o
 .debug_macro   0x000000000000251f       0x16 ./src/drivers/CAN_BUS.o
 .debug_macro   0x0000000000002535       0x1c ./src/drivers/CAN_BUS.o
 .debug_macro   0x0000000000002551       0x10 ./src/drivers/CAN_BUS.o
 .debug_macro   0x0000000000002561       0x1c ./src/drivers/CAN_BUS.o
 .debug_macro   0x000000000000257d       0x52 ./src/drivers/CAN_BUS.o
 .debug_macro   0x00000000000025cf       0x22 ./src/drivers/CAN_BUS.o
 .debug_macro   0x00000000000025f1       0x10 ./src/drivers/CAN_BUS.o
 .debug_macro   0x0000000000002601       0x40 ./src/drivers/CAN_BUS.o
 .debug_macro   0x0000000000002641       0xd5 ./src/drivers/CAN_BUS.o
 .debug_macro   0x0000000000002716       0x1c ./src/drivers/CAN_BUS.o
 .debug_macro   0x0000000000002732       0x3d ./src/drivers/CAN_BUS.o
 .debug_macro   0x000000000000276f       0x16 ./src/drivers/CAN_BUS.o
 .debug_macro   0x0000000000002785      0x145 ./src/drivers/CAN_BUS.o
 .debug_macro   0x00000000000028ca       0x10 ./src/drivers/CAN_BUS.o
 .debug_macro   0x00000000000028da      0x384 ./src/drivers/DISPLAY_WH1602B_4Bit.o
 .debug_macro   0x0000000000002c5e      0x130 ./src/drivers/DISPLAY_WH1602B_4Bit.o
 .debug_macro   0x0000000000002d8e      0x375 ./src/drivers/USART.o
 .debug_macro   0x0000000000003103      0x1cf ./src/drivers/clock_config.o
 .debug_macro   0x00000000000032d2      0x39c ./src/drivers/interrupts.o
 .debug_macro   0x000000000000366e      0x388 ./src/keypad.o
 .debug_macro   0x00000000000039f6      0x378 ./src/main.o
 .debug_macro   0x0000000000003d6e      0x1c0 ./src/stm32f4xx_it.o
 .debug_macro   0x0000000000003f2e      0x1d9 ./src/system_stm32f4xx.o

.debug_line     0x0000000000000000     0x99d1
 .debug_line    0x0000000000000000      0xf0b ./Libraries/STM32F4xx_StdPeriph_Driver/src/stm32f4xx_can.o
 .debug_line    0x0000000000000f0b      0x83b ./Libraries/STM32F4xx_StdPeriph_Driver/src/stm32f4xx_exti.o
 .debug_line    0x0000000000001746      0x99c ./Libraries/STM32F4xx_StdPeriph_Driver/src/stm32f4xx_gpio.o
 .debug_line    0x00000000000020e2      0xe2b ./Libraries/STM32F4xx_StdPeriph_Driver/src/stm32f4xx_rcc.o
 .debug_line    0x0000000000002f0d      0xbe4 ./Libraries/STM32F4xx_StdPeriph_Driver/src/stm32f4xx_usart.o
 .debug_line    0x0000000000003af1      0x71e ./src/drivers/Buttons.o
 .debug_line    0x000000000000420f      0x9dd ./src/drivers/CAN_BUS.o
 .debug_line    0x0000000000004bec      0xcc4 ./src/drivers/DISPLAY_WH1602B_4Bit.o
 .debug_line    0x00000000000058b0      0xafa ./src/drivers/USART.o
 .debug_line    0x00000000000063aa      0x7f3 ./src/drivers/clock_config.o
 .debug_line    0x0000000000006b9d      0xa7d ./src/drivers/interrupts.o
 .debug_line    0x000000000000761a      0xb05 ./src/keypad.o
 .debug_line    0x000000000000811f      0x906 ./src/main.o
 .debug_line    0x0000000000008a25       0x7a ./src/startup_stm32f40xx.o
 .debug_line    0x0000000000008a9f      0x742 ./src/stm32f4xx_it.o
 .debug_line    0x00000000000091e1      0x7f0 ./src/system_stm32f4xx.o

.debug_str      0x0000000000000000    0x614ac
 .debug_str     0x0000000000000000    0x59d4c ./Libraries/STM32F4xx_StdPeriph_Driver/src/stm32f4xx_can.o
                                      0x59f5a (size before relaxing)
 .debug_str     0x0000000000059d4c      0x1ef ./Libraries/STM32F4xx_StdPeriph_Driver/src/stm32f4xx_exti.o
                                      0x599ab (size before relaxing)
 .debug_str     0x0000000000059f3b      0x30e ./Libraries/STM32F4xx_StdPeriph_Driver/src/stm32f4xx_gpio.o
                                      0x59ad3 (size before relaxing)
 .debug_str     0x000000000005a249      0xbc3 ./Libraries/STM32F4xx_StdPeriph_Driver/src/stm32f4xx_rcc.o
                                      0x5a40a (size before relaxing)
 .debug_str     0x000000000005ae0c      0x54e ./Libraries/STM32F4xx_StdPeriph_Driver/src/stm32f4xx_usart.o
                                      0x59de3 (size before relaxing)
 .debug_str     0x000000000005b35a      0x800 ./src/drivers/Buttons.o
                                      0x5a22b (size before relaxing)
 .debug_str     0x000000000005bb5a     0x4bbc ./src/drivers/CAN_BUS.o
                                      0x5e7c8 (size before relaxing)
 .debug_str     0x0000000000060716      0x6bb ./src/drivers/DISPLAY_WH1602B_4Bit.o
                                      0x5e7ad (size before relaxing)
 .debug_str     0x0000000000060dd1      0x1da ./src/drivers/USART.o
                                      0x5ebe0 (size before relaxing)
 .debug_str     0x0000000000060fab      0x17d ./src/drivers/clock_config.o
                                      0x59b6f (size before relaxing)
 .debug_str     0x0000000000061128       0xaa ./src/drivers/interrupts.o
                                      0x5e87f (size before relaxing)
 .debug_str     0x00000000000611d2       0xca ./src/keypad.o
                                      0x5e526 (size before relaxing)
 .debug_str     0x000000000006129c       0x13 ./src/main.o
                                      0x5e48c (size before relaxing)
 .debug_str     0x00000000000612af       0x2a ./src/startup_stm32f40xx.o
                                         0x5a (size before relaxing)
 .debug_str     0x00000000000612d9       0xb8 ./src/stm32f4xx_it.o
                                      0x59831 (size before relaxing)
 .debug_str     0x0000000000061391      0x11b ./src/system_stm32f4xx.o
                                      0x599ea (size before relaxing)

.comment        0x0000000000000000       0x53
 .comment       0x0000000000000000       0x53 ./Libraries/STM32F4xx_StdPeriph_Driver/src/stm32f4xx_can.o
                                         0x54 (size before relaxing)
 .comment       0x0000000000000053       0x54 ./Libraries/STM32F4xx_StdPeriph_Driver/src/stm32f4xx_exti.o
 .comment       0x0000000000000053       0x54 ./Libraries/STM32F4xx_StdPeriph_Driver/src/stm32f4xx_gpio.o
 .comment       0x0000000000000053       0x54 ./Libraries/STM32F4xx_StdPeriph_Driver/src/stm32f4xx_rcc.o
 .comment       0x0000000000000053       0x54 ./Libraries/STM32F4xx_StdPeriph_Driver/src/stm32f4xx_usart.o
 .comment       0x0000000000000053       0x54 ./src/drivers/Buttons.o
 .comment       0x0000000000000053       0x54 ./src/drivers/CAN_BUS.o
 .comment       0x0000000000000053       0x54 ./src/drivers/DISPLAY_WH1602B_4Bit.o
 .comment       0x0000000000000053       0x54 ./src/drivers/USART.o
 .comment       0x0000000000000053       0x54 ./src/drivers/clock_config.o
 .comment       0x0000000000000053       0x54 ./src/drivers/interrupts.o
 .comment       0x0000000000000053       0x54 ./src/keypad.o
 .comment       0x0000000000000053       0x54 ./src/main.o
 .comment       0x0000000000000053       0x54 ./src/stm32f4xx_it.o
 .comment       0x0000000000000053       0x54 ./src/system_stm32f4xx.o

.debug_frame    0x0000000000000000     0x20b0
 .debug_frame   0x0000000000000000      0x3f8 ./Libraries/STM32F4xx_StdPeriph_Driver/src/stm32f4xx_can.o
 .debug_frame   0x00000000000003f8      0x148 ./Libraries/STM32F4xx_StdPeriph_Driver/src/stm32f4xx_exti.o
 .debug_frame   0x0000000000000540      0x23c ./Libraries/STM32F4xx_StdPeriph_Driver/src/stm32f4xx_gpio.o
 .debug_frame   0x000000000000077c      0x6fc ./Libraries/STM32F4xx_StdPeriph_Driver/src/stm32f4xx_rcc.o
 .debug_frame   0x0000000000000e78      0x490 ./Libraries/STM32F4xx_StdPeriph_Driver/src/stm32f4xx_usart.o
 .debug_frame   0x0000000000001308       0x58 ./src/drivers/Buttons.o
 .debug_frame   0x0000000000001360       0xb4 ./src/drivers/CAN_BUS.o
 .debug_frame   0x0000000000001414      0x218 ./src/drivers/DISPLAY_WH1602B_4Bit.o
 .debug_frame   0x000000000000162c      0x210 ./src/drivers/USART.o
 .debug_frame   0x000000000000183c      0x134 ./src/drivers/clock_config.o
 .debug_frame   0x0000000000001970       0xac ./src/drivers/interrupts.o
 .debug_frame   0x0000000000001a1c       0xc8 ./src/keypad.o
 .debug_frame   0x0000000000001ae4       0x2c ./src/main.o
 .debug_frame   0x0000000000001b10      0x110 ./src/stm32f4xx_it.o
 .debug_frame   0x0000000000001c20       0x7c ./src/system_stm32f4xx.o
 .debug_frame   0x0000000000001c9c       0x2c d:/programs/stm32cubeide_1.7.0/stm32cubeide/plugins/com.st.stm32cube.ide.mcu.externaltools.gnu-tools-for-stm32.9-2020-q2-update.win32_2.0.0.202105311346/tools/bin/../lib/gcc/arm-none-eabi/9.3.1/../../../../arm-none-eabi/lib/thumb/v7e-m+fp/hard\libc_nano.a(lib_a-init.o)
 .debug_frame   0x0000000000001cc8       0x20 d:/programs/stm32cubeide_1.7.0/stm32cubeide/plugins/com.st.stm32cube.ide.mcu.externaltools.gnu-tools-for-stm32.9-2020-q2-update.win32_2.0.0.202105311346/tools/bin/../lib/gcc/arm-none-eabi/9.3.1/../../../../arm-none-eabi/lib/thumb/v7e-m+fp/hard\libc_nano.a(lib_a-memset.o)
 .debug_frame   0x0000000000001ce8       0x3c d:/programs/stm32cubeide_1.7.0/stm32cubeide/plugins/com.st.stm32cube.ide.mcu.externaltools.gnu-tools-for-stm32.9-2020-q2-update.win32_2.0.0.202105311346/tools/bin/../lib/gcc/arm-none-eabi/9.3.1/../../../../arm-none-eabi/lib/thumb/v7e-m+fp/hard\libc_nano.a(lib_a-vsprintf.o)
 .debug_frame   0x0000000000001d24       0x90 d:/programs/stm32cubeide_1.7.0/stm32cubeide/plugins/com.st.stm32cube.ide.mcu.externaltools.gnu-tools-for-stm32.9-2020-q2-update.win32_2.0.0.202105311346/tools/bin/../lib/gcc/arm-none-eabi/9.3.1/../../../../arm-none-eabi/lib/thumb/v7e-m+fp/hard\libc_nano.a(lib_a-nano-svfprintf.o)
 .debug_frame   0x0000000000001db4       0x60 d:/programs/stm32cubeide_1.7.0/stm32cubeide/plugins/com.st.stm32cube.ide.mcu.externaltools.gnu-tools-for-stm32.9-2020-q2-update.win32_2.0.0.202105311346/tools/bin/../lib/gcc/arm-none-eabi/9.3.1/../../../../arm-none-eabi/lib/thumb/v7e-m+fp/hard\libc_nano.a(lib_a-nano-vfprintf_i.o)
 .debug_frame   0x0000000000001e14       0x28 d:/programs/stm32cubeide_1.7.0/stm32cubeide/plugins/com.st.stm32cube.ide.mcu.externaltools.gnu-tools-for-stm32.9-2020-q2-update.win32_2.0.0.202105311346/tools/bin/../lib/gcc/arm-none-eabi/9.3.1/../../../../arm-none-eabi/lib/thumb/v7e-m+fp/hard\libc_nano.a(lib_a-memcpy-stub.o)
 .debug_frame   0x0000000000001e3c       0x28 d:/programs/stm32cubeide_1.7.0/stm32cubeide/plugins/com.st.stm32cube.ide.mcu.externaltools.gnu-tools-for-stm32.9-2020-q2-update.win32_2.0.0.202105311346/tools/bin/../lib/gcc/arm-none-eabi/9.3.1/../../../../arm-none-eabi/lib/thumb/v7e-m+fp/hard\libc_nano.a(lib_a-memmove.o)
 .debug_frame   0x0000000000001e64       0x38 d:/programs/stm32cubeide_1.7.0/stm32cubeide/plugins/com.st.stm32cube.ide.mcu.externaltools.gnu-tools-for-stm32.9-2020-q2-update.win32_2.0.0.202105311346/tools/bin/../lib/gcc/arm-none-eabi/9.3.1/../../../../arm-none-eabi/lib/thumb/v7e-m+fp/hard\libc_nano.a(lib_a-nano-freer.o)
 .debug_frame   0x0000000000001e9c       0x30 d:/programs/stm32cubeide_1.7.0/stm32cubeide/plugins/com.st.stm32cube.ide.mcu.externaltools.gnu-tools-for-stm32.9-2020-q2-update.win32_2.0.0.202105311346/tools/bin/../lib/gcc/arm-none-eabi/9.3.1/../../../../arm-none-eabi/lib/thumb/v7e-m+fp/hard\libc_nano.a(lib_a-nano-mallocr.o)
 .debug_frame   0x0000000000001ecc       0x3c d:/programs/stm32cubeide_1.7.0/stm32cubeide/plugins/com.st.stm32cube.ide.mcu.externaltools.gnu-tools-for-stm32.9-2020-q2-update.win32_2.0.0.202105311346/tools/bin/../lib/gcc/arm-none-eabi/9.3.1/../../../../arm-none-eabi/lib/thumb/v7e-m+fp/hard\libc_nano.a(lib_a-nano-reallocr.o)
 .debug_frame   0x0000000000001f08       0x2c d:/programs/stm32cubeide_1.7.0/stm32cubeide/plugins/com.st.stm32cube.ide.mcu.externaltools.gnu-tools-for-stm32.9-2020-q2-update.win32_2.0.0.202105311346/tools/bin/../lib/gcc/arm-none-eabi/9.3.1/../../../../arm-none-eabi/lib/thumb/v7e-m+fp/hard\libc_nano.a(lib_a-sbrkr.o)
 .debug_frame   0x0000000000001f34       0x30 d:/programs/stm32cubeide_1.7.0/stm32cubeide/plugins/com.st.stm32cube.ide.mcu.externaltools.gnu-tools-for-stm32.9-2020-q2-update.win32_2.0.0.202105311346/tools/bin/../lib/gcc/arm-none-eabi/9.3.1/../../../../arm-none-eabi/lib/thumb/v7e-m+fp/hard\libc_nano.a(lib_a-mlock.o)
 .debug_frame   0x0000000000001f64       0x20 d:/programs/stm32cubeide_1.7.0/stm32cubeide/plugins/com.st.stm32cube.ide.mcu.externaltools.gnu-tools-for-stm32.9-2020-q2-update.win32_2.0.0.202105311346/tools/bin/../lib/gcc/arm-none-eabi/9.3.1/../../../../arm-none-eabi/lib/thumb/v7e-m+fp/hard\libc_nano.a(lib_a-nano-msizer.o)
 .debug_frame   0x0000000000001f84       0x5c d:/programs/stm32cubeide_1.7.0/stm32cubeide/plugins/com.st.stm32cube.ide.mcu.externaltools.gnu-tools-for-stm32.9-2020-q2-update.win32_2.0.0.202105311346/tools/bin/../lib/gcc/arm-none-eabi/9.3.1/../../../../arm-none-eabi/lib/thumb/v7e-m+fp/hard\libc_nano.a(lib_a-reent.o)
 .debug_frame   0x0000000000001fe0       0xb0 d:/programs/stm32cubeide_1.7.0/stm32cubeide/plugins/com.st.stm32cube.ide.mcu.externaltools.gnu-tools-for-stm32.9-2020-q2-update.win32_2.0.0.202105311346/tools/bin/../lib/gcc/arm-none-eabi/9.3.1/../../../../arm-none-eabi/lib/thumb/v7e-m+fp/hard\libc_nano.a(lib_a-lock.o)
 .debug_frame   0x0000000000002090       0x20 d:/programs/stm32cubeide_1.7.0/stm32cubeide/plugins/com.st.stm32cube.ide.mcu.externaltools.gnu-tools-for-stm32.9-2020-q2-update.win32_2.0.0.202105311346/tools/bin/../lib/gcc/arm-none-eabi/9.3.1/../../../../arm-none-eabi/lib/thumb/v7e-m+fp/hard\libnosys.a(sbrk.o)

.stabstr        0x0000000000000000       0x3f
 .stabstr       0x0000000000000000       0x3f d:/programs/stm32cubeide_1.7.0/stm32cubeide/plugins/com.st.stm32cube.ide.mcu.externaltools.gnu-tools-for-stm32.9-2020-q2-update.win32_2.0.0.202105311346/tools/bin/../lib/gcc/arm-none-eabi/9.3.1/../../../../arm-none-eabi/lib/thumb/v7e-m+fp/hard\libnosys.a(write.o)
