DISPLAY_WH1602B_4Bit.c:5:6:Display_Init	8	static
DISPLAY_WH1602B_4Bit.c:39:6:Display_Write_Ins	16	static
DISPLAY_WH1602B_4Bit.c:61:6:Display_Write_Data	16	static
DISPLAY_WH1602B_4Bit.c:83:6:Display_Write_Data_Array	16	static
DISPLAY_WH1602B_4Bit.c:96:6:Display_init_GPIO	16	static
DISPLAY_WH1602B_4Bit.c:112:6:Display_RW_pusle	8	static
DISPLAY_WH1602B_4Bit.c:119:6:Display_Write_srt	24	static
DISPLAY_WH1602B_4Bit.c:146:6:Display_clear	8	static
DISPLAY_WH1602B_4Bit.c:153:6:Display_clear_field	16	static
DISPLAY_WH1602B_4Bit.c:161:6:setup_Display	8	static
DISPLAY_WH1602B_4Bit.c:167:6:setup_first_line	8	static
DISPLAY_WH1602B_4Bit.c:171:6:setup_second_line	8	static
DISPLAY_WH1602B_4Bit.c:175:6:print_display	16	static
DISPLAY_WH1602B_4Bit.c:179:6:print_display_array	24	static
DISPLAY_WH1602B_4Bit.c:185:6:Display_example	8	static
DISPLAY_WH1602B_4Bit.c:231:6:Display_example2	48	static
